Component: ARM Compiler 5.06 update 4 (build 422) Tool: armlink [4d35d2]

==============================================================================

Section Cross References

    system_stm32f3xx.o(i.SystemCoreClockUpdate) refers to system_stm32f3xx.o(.data) for .data
    system_stm32f3xx.o(i.SystemCoreClockUpdate) refers to system_stm32f3xx.o(.constdata) for .constdata
    main.o(i.SystemClock_Config) refers to stm32f3xx_hal_rcc.o(i.HAL_RCC_OscConfig) for HAL_RCC_OscConfig
    main.o(i.SystemClock_Config) refers to stm32f3xx_hal_rcc.o(i.HAL_RCC_ClockConfig) for HAL_RCC_ClockConfig
    main.o(i.main) refers to stm32f3xx_hal.o(i.HAL_Init) for HAL_Init
    main.o(i.main) refers to main.o(i.SystemClock_Config) for SystemClock_Config
    main.o(i.main) refers to ws2812b.o(i.visInit) for visInit
    main.o(i.main) refers to ws2812b.o(i.visHandle) for visHandle
    stm32f3xx_it.o(i.SysTick_Handler) refers to stm32f3xx_hal.o(i.HAL_IncTick) for HAL_IncTick
    ws2812b.o(i.DMA1_Channel7_IRQHandler) refers to stm32f3xx_hal_dma.o(i.HAL_DMA_IRQHandler) for HAL_DMA_IRQHandler
    ws2812b.o(i.DMA1_Channel7_IRQHandler) refers to ws2812b.o(.bss) for .bss
    ws2812b.o(i.DMA_TransferCompleteHandler) refers to ws2812b.o(i.loadNextFramebufferData) for loadNextFramebufferData
    ws2812b.o(i.DMA_TransferCompleteHandler) refers to ws2812b.o(.bss) for .bss
    ws2812b.o(i.DMA_TransferCompleteHandler) refers to ws2812b.o(.data) for .data
    ws2812b.o(i.DMA_TransferHalfHandler) refers to ws2812b.o(i.loadNextFramebufferData) for loadNextFramebufferData
    ws2812b.o(i.DMA_TransferHalfHandler) refers to ws2812b.o(i.ws2812b_set_pixel) for ws2812b_set_pixel
    ws2812b.o(i.DMA_TransferHalfHandler) refers to ws2812b.o(.bss) for .bss
    ws2812b.o(i.DMA_init) refers to stm32f3xx_hal_dma.o(i.HAL_DMA_Init) for HAL_DMA_Init
    ws2812b.o(i.DMA_init) refers to stm32f3xx_hal_dma.o(i.HAL_DMA_Start) for HAL_DMA_Start
    ws2812b.o(i.DMA_init) refers to stm32f3xx_hal_cortex.o(i.HAL_NVIC_SetPriority) for HAL_NVIC_SetPriority
    ws2812b.o(i.DMA_init) refers to stm32f3xx_hal_cortex.o(i.HAL_NVIC_EnableIRQ) for HAL_NVIC_EnableIRQ
    ws2812b.o(i.DMA_init) refers to stm32f3xx_hal_dma.o(i.HAL_DMA_Start_IT) for HAL_DMA_Start_IT
    ws2812b.o(i.DMA_init) refers to ws2812b.o(.bss) for .bss
    ws2812b.o(i.DMA_init) refers to ws2812b.o(.data) for .data
    ws2812b.o(i.DMA_init) refers to ws2812b.o(i.DMA_TransferCompleteHandler) for DMA_TransferCompleteHandler
    ws2812b.o(i.DMA_init) refers to ws2812b.o(i.DMA_TransferHalfHandler) for DMA_TransferHalfHandler
    ws2812b.o(i.HAL_TIM_PeriodElapsedCallback) refers to ws2812b.o(.bss) for .bss
    ws2812b.o(i.TIM2_IRQHandler) refers to stm32f3xx_hal_tim.o(i.HAL_TIM_IRQHandler) for HAL_TIM_IRQHandler
    ws2812b.o(i.TIM2_IRQHandler) refers to ws2812b.o(.bss) for .bss
    ws2812b.o(i.TIM2_init) refers to stm32f3xx_hal_tim.o(i.HAL_TIM_PWM_Init) for HAL_TIM_PWM_Init
    ws2812b.o(i.TIM2_init) refers to stm32f3xx_hal_cortex.o(i.HAL_NVIC_SetPriority) for HAL_NVIC_SetPriority
    ws2812b.o(i.TIM2_init) refers to stm32f3xx_hal_cortex.o(i.HAL_NVIC_EnableIRQ) for HAL_NVIC_EnableIRQ
    ws2812b.o(i.TIM2_init) refers to stm32f3xx_hal_tim_ex.o(i.HAL_TIM_PWM_ConfigChannel) for HAL_TIM_PWM_ConfigChannel
    ws2812b.o(i.TIM2_init) refers to stm32f3xx_hal_tim.o(i.HAL_TIM_Base_Start) for HAL_TIM_Base_Start
    ws2812b.o(i.TIM2_init) refers to stm32f3xx_hal_tim.o(i.HAL_TIM_PWM_Start) for HAL_TIM_PWM_Start
    ws2812b.o(i.TIM2_init) refers to system_stm32f3xx.o(.data) for SystemCoreClock
    ws2812b.o(i.TIM2_init) refers to ws2812b.o(.data) for .data
    ws2812b.o(i.TIM2_init) refers to ws2812b.o(.bss) for .bss
    ws2812b.o(i.WS2812_sendbuf) refers to ws2812b.o(i.loadNextFramebufferData) for loadNextFramebufferData
    ws2812b.o(i.WS2812_sendbuf) refers to ws2812b.o(.bss) for .bss
    ws2812b.o(i.WS2812_sendbuf) refers to ws2812b.o(.data) for .data
    ws2812b.o(i.loadNextFramebufferData) refers to ws2812b.o(i.ws2812b_set_pixel) for ws2812b_set_pixel
    ws2812b.o(i.visDots) refers to rand.o(.text) for rand
    ws2812b.o(i.visHandle) refers to ws2812b.o(i.visHandle2) for visHandle2
    ws2812b.o(i.visHandle) refers to ws2812b.o(i.ws2812b_handle) for ws2812b_handle
    ws2812b.o(i.visHandle) refers to ws2812b.o(.bss) for .bss
    ws2812b.o(i.visHandle2) refers to stm32f3xx_hal.o(i.HAL_GetTick) for HAL_GetTick
    ws2812b.o(i.visHandle2) refers to ws2812b.o(i.visRainbow) for visRainbow
    ws2812b.o(i.visHandle2) refers to ws2812b.o(i.visDots) for visDots
    ws2812b.o(i.visHandle2) refers to ws2812b.o(.data) for .data
    ws2812b.o(i.visHandle2) refers to ws2812b.o(.bss) for .bss
    ws2812b.o(i.visInit) refers to ws2812b.o(i.ws2812b_init) for ws2812b_init
    ws2812b.o(i.visInit) refers to ws2812b.o(.bss) for .bss
    ws2812b.o(i.visRainbow) refers to ws2812b.o(i.Wheel) for Wheel
    ws2812b.o(i.visRainbow) refers to ws2812b.o(.data) for .data
    ws2812b.o(i.ws2812b_handle) refers to ws2812b.o(i.WS2812_sendbuf) for WS2812_sendbuf
    ws2812b.o(i.ws2812b_handle) refers to ws2812b.o(.bss) for .bss
    ws2812b.o(i.ws2812b_init) refers to stm32f3xx_hal_gpio.o(i.HAL_GPIO_Init) for HAL_GPIO_Init
    ws2812b.o(i.ws2812b_init) refers to ws2812b.o(i.DMA_init) for DMA_init
    ws2812b.o(i.ws2812b_init) refers to ws2812b.o(i.TIM2_init) for TIM2_init
    ws2812b.o(i.ws2812b_init) refers to ws2812b.o(.bss) for .bss
    ws2812b.o(i.ws2812b_set_pixel) refers to ws2812b.o(.constdata) for .constdata
    ws2812b.o(i.ws2812b_set_pixel) refers to ws2812b.o(.bss) for .bss
    stm32f3xx_hal_tim_ex.o(i.HAL_TIMEx_ConfigCommutationEvent_DMA) refers to stm32f3xx_hal_tim_ex.o(i.TIMEx_DMACommutationCplt) for TIMEx_DMACommutationCplt
    stm32f3xx_hal_tim_ex.o(i.HAL_TIMEx_ConfigCommutationEvent_DMA) refers to stm32f3xx_hal_tim.o(i.TIM_DMAError) for TIM_DMAError
    stm32f3xx_hal_tim_ex.o(i.HAL_TIMEx_HallSensor_DeInit) refers to stm32f3xx_hal_tim_ex.o(i.HAL_TIMEx_HallSensor_MspDeInit) for HAL_TIMEx_HallSensor_MspDeInit
    stm32f3xx_hal_tim_ex.o(i.HAL_TIMEx_HallSensor_Init) refers to stm32f3xx_hal_tim_ex.o(i.HAL_TIMEx_HallSensor_MspInit) for HAL_TIMEx_HallSensor_MspInit
    stm32f3xx_hal_tim_ex.o(i.HAL_TIMEx_HallSensor_Init) refers to stm32f3xx_hal_tim.o(i.TIM_Base_SetConfig) for TIM_Base_SetConfig
    stm32f3xx_hal_tim_ex.o(i.HAL_TIMEx_HallSensor_Init) refers to stm32f3xx_hal_tim.o(i.TIM_TI1_SetConfig) for TIM_TI1_SetConfig
    stm32f3xx_hal_tim_ex.o(i.HAL_TIMEx_HallSensor_Init) refers to stm32f3xx_hal_tim.o(i.TIM_OC2_SetConfig) for TIM_OC2_SetConfig
    stm32f3xx_hal_tim_ex.o(i.HAL_TIMEx_HallSensor_Start) refers to stm32f3xx_hal_tim.o(i.TIM_CCxChannelCmd) for TIM_CCxChannelCmd
    stm32f3xx_hal_tim_ex.o(i.HAL_TIMEx_HallSensor_Start_DMA) refers to stm32f3xx_hal_tim.o(i.TIM_CCxChannelCmd) for TIM_CCxChannelCmd
    stm32f3xx_hal_tim_ex.o(i.HAL_TIMEx_HallSensor_Start_DMA) refers to stm32f3xx_hal_dma.o(i.HAL_DMA_Start_IT) for HAL_DMA_Start_IT
    stm32f3xx_hal_tim_ex.o(i.HAL_TIMEx_HallSensor_Start_DMA) refers to stm32f3xx_hal_tim.o(i.TIM_DMACaptureCplt) for TIM_DMACaptureCplt
    stm32f3xx_hal_tim_ex.o(i.HAL_TIMEx_HallSensor_Start_DMA) refers to stm32f3xx_hal_tim.o(i.TIM_DMAError) for TIM_DMAError
    stm32f3xx_hal_tim_ex.o(i.HAL_TIMEx_HallSensor_Start_IT) refers to stm32f3xx_hal_tim.o(i.TIM_CCxChannelCmd) for TIM_CCxChannelCmd
    stm32f3xx_hal_tim_ex.o(i.HAL_TIMEx_HallSensor_Stop) refers to stm32f3xx_hal_tim.o(i.TIM_CCxChannelCmd) for TIM_CCxChannelCmd
    stm32f3xx_hal_tim_ex.o(i.HAL_TIMEx_HallSensor_Stop_DMA) refers to stm32f3xx_hal_tim.o(i.TIM_CCxChannelCmd) for TIM_CCxChannelCmd
    stm32f3xx_hal_tim_ex.o(i.HAL_TIMEx_HallSensor_Stop_IT) refers to stm32f3xx_hal_tim.o(i.TIM_CCxChannelCmd) for TIM_CCxChannelCmd
    stm32f3xx_hal_tim_ex.o(i.HAL_TIMEx_OCN_Start) refers to stm32f3xx_hal_tim_ex.o(i.TIM_CCxNChannelCmd) for TIM_CCxNChannelCmd
    stm32f3xx_hal_tim_ex.o(i.HAL_TIMEx_OCN_Start_DMA) refers to stm32f3xx_hal_dma.o(i.HAL_DMA_Start_IT) for HAL_DMA_Start_IT
    stm32f3xx_hal_tim_ex.o(i.HAL_TIMEx_OCN_Start_DMA) refers to stm32f3xx_hal_tim_ex.o(i.TIM_CCxNChannelCmd) for TIM_CCxNChannelCmd
    stm32f3xx_hal_tim_ex.o(i.HAL_TIMEx_OCN_Start_DMA) refers to stm32f3xx_hal_tim.o(i.TIM_DMADelayPulseCplt) for TIM_DMADelayPulseCplt
    stm32f3xx_hal_tim_ex.o(i.HAL_TIMEx_OCN_Start_DMA) refers to stm32f3xx_hal_tim.o(i.TIM_DMAError) for TIM_DMAError
    stm32f3xx_hal_tim_ex.o(i.HAL_TIMEx_OCN_Start_IT) refers to stm32f3xx_hal_tim_ex.o(i.TIM_CCxNChannelCmd) for TIM_CCxNChannelCmd
    stm32f3xx_hal_tim_ex.o(i.HAL_TIMEx_OCN_Stop) refers to stm32f3xx_hal_tim_ex.o(i.TIM_CCxNChannelCmd) for TIM_CCxNChannelCmd
    stm32f3xx_hal_tim_ex.o(i.HAL_TIMEx_OCN_Stop_DMA) refers to stm32f3xx_hal_tim_ex.o(i.TIM_CCxNChannelCmd) for TIM_CCxNChannelCmd
    stm32f3xx_hal_tim_ex.o(i.HAL_TIMEx_OCN_Stop_IT) refers to stm32f3xx_hal_tim_ex.o(i.TIM_CCxNChannelCmd) for TIM_CCxNChannelCmd
    stm32f3xx_hal_tim_ex.o(i.HAL_TIMEx_OnePulseN_Start) refers to stm32f3xx_hal_tim_ex.o(i.TIM_CCxNChannelCmd) for TIM_CCxNChannelCmd
    stm32f3xx_hal_tim_ex.o(i.HAL_TIMEx_OnePulseN_Start_IT) refers to stm32f3xx_hal_tim_ex.o(i.TIM_CCxNChannelCmd) for TIM_CCxNChannelCmd
    stm32f3xx_hal_tim_ex.o(i.HAL_TIMEx_OnePulseN_Stop) refers to stm32f3xx_hal_tim_ex.o(i.TIM_CCxNChannelCmd) for TIM_CCxNChannelCmd
    stm32f3xx_hal_tim_ex.o(i.HAL_TIMEx_OnePulseN_Stop_IT) refers to stm32f3xx_hal_tim_ex.o(i.TIM_CCxNChannelCmd) for TIM_CCxNChannelCmd
    stm32f3xx_hal_tim_ex.o(i.HAL_TIMEx_PWMN_Start) refers to stm32f3xx_hal_tim_ex.o(i.TIM_CCxNChannelCmd) for TIM_CCxNChannelCmd
    stm32f3xx_hal_tim_ex.o(i.HAL_TIMEx_PWMN_Start_DMA) refers to stm32f3xx_hal_dma.o(i.HAL_DMA_Start_IT) for HAL_DMA_Start_IT
    stm32f3xx_hal_tim_ex.o(i.HAL_TIMEx_PWMN_Start_DMA) refers to stm32f3xx_hal_tim_ex.o(i.TIM_CCxNChannelCmd) for TIM_CCxNChannelCmd
    stm32f3xx_hal_tim_ex.o(i.HAL_TIMEx_PWMN_Start_DMA) refers to stm32f3xx_hal_tim.o(i.TIM_DMADelayPulseCplt) for TIM_DMADelayPulseCplt
    stm32f3xx_hal_tim_ex.o(i.HAL_TIMEx_PWMN_Start_DMA) refers to stm32f3xx_hal_tim.o(i.TIM_DMAError) for TIM_DMAError
    stm32f3xx_hal_tim_ex.o(i.HAL_TIMEx_PWMN_Start_IT) refers to stm32f3xx_hal_tim_ex.o(i.TIM_CCxNChannelCmd) for TIM_CCxNChannelCmd
    stm32f3xx_hal_tim_ex.o(i.HAL_TIMEx_PWMN_Stop) refers to stm32f3xx_hal_tim_ex.o(i.TIM_CCxNChannelCmd) for TIM_CCxNChannelCmd
    stm32f3xx_hal_tim_ex.o(i.HAL_TIMEx_PWMN_Stop_DMA) refers to stm32f3xx_hal_tim_ex.o(i.TIM_CCxNChannelCmd) for TIM_CCxNChannelCmd
    stm32f3xx_hal_tim_ex.o(i.HAL_TIMEx_PWMN_Stop_IT) refers to stm32f3xx_hal_tim_ex.o(i.TIM_CCxNChannelCmd) for TIM_CCxNChannelCmd
    stm32f3xx_hal_tim_ex.o(i.HAL_TIM_ConfigOCrefClear) refers to stm32f3xx_hal_tim.o(i.TIM_ETR_SetConfig) for TIM_ETR_SetConfig
    stm32f3xx_hal_tim_ex.o(i.HAL_TIM_OC_ConfigChannel) refers to stm32f3xx_hal_tim.o(i.TIM_OC1_SetConfig) for TIM_OC1_SetConfig
    stm32f3xx_hal_tim_ex.o(i.HAL_TIM_OC_ConfigChannel) refers to stm32f3xx_hal_tim.o(i.TIM_OC2_SetConfig) for TIM_OC2_SetConfig
    stm32f3xx_hal_tim_ex.o(i.HAL_TIM_OC_ConfigChannel) refers to stm32f3xx_hal_tim.o(i.TIM_OC3_SetConfig) for TIM_OC3_SetConfig
    stm32f3xx_hal_tim_ex.o(i.HAL_TIM_OC_ConfigChannel) refers to stm32f3xx_hal_tim.o(i.TIM_OC4_SetConfig) for TIM_OC4_SetConfig
    stm32f3xx_hal_tim_ex.o(i.HAL_TIM_OC_ConfigChannel) refers to stm32f3xx_hal_tim_ex.o(i.TIM_OC5_SetConfig) for TIM_OC5_SetConfig
    stm32f3xx_hal_tim_ex.o(i.HAL_TIM_OC_ConfigChannel) refers to stm32f3xx_hal_tim_ex.o(i.TIM_OC6_SetConfig) for TIM_OC6_SetConfig
    stm32f3xx_hal_tim_ex.o(i.HAL_TIM_PWM_ConfigChannel) refers to stm32f3xx_hal_tim.o(i.TIM_OC1_SetConfig) for TIM_OC1_SetConfig
    stm32f3xx_hal_tim_ex.o(i.HAL_TIM_PWM_ConfigChannel) refers to stm32f3xx_hal_tim.o(i.TIM_OC2_SetConfig) for TIM_OC2_SetConfig
    stm32f3xx_hal_tim_ex.o(i.HAL_TIM_PWM_ConfigChannel) refers to stm32f3xx_hal_tim.o(i.TIM_OC3_SetConfig) for TIM_OC3_SetConfig
    stm32f3xx_hal_tim_ex.o(i.HAL_TIM_PWM_ConfigChannel) refers to stm32f3xx_hal_tim.o(i.TIM_OC4_SetConfig) for TIM_OC4_SetConfig
    stm32f3xx_hal_tim_ex.o(i.HAL_TIM_PWM_ConfigChannel) refers to stm32f3xx_hal_tim_ex.o(i.TIM_OC5_SetConfig) for TIM_OC5_SetConfig
    stm32f3xx_hal_tim_ex.o(i.HAL_TIM_PWM_ConfigChannel) refers to stm32f3xx_hal_tim_ex.o(i.TIM_OC6_SetConfig) for TIM_OC6_SetConfig
    stm32f3xx_hal_tim_ex.o(i.TIMEx_DMACommutationCplt) refers to stm32f3xx_hal_tim_ex.o(i.HAL_TIMEx_CommutationCallback) for HAL_TIMEx_CommutationCallback
    stm32f3xx_hal_dma.o(i.HAL_DMA_Abort) refers to stm32f3xx_hal.o(i.HAL_GetTick) for HAL_GetTick
    stm32f3xx_hal_dma.o(i.HAL_DMA_PollForTransfer) refers to stm32f3xx_hal.o(i.HAL_GetTick) for HAL_GetTick
    stm32f3xx_hal_dma.o(i.HAL_DMA_Start) refers to stm32f3xx_hal_dma.o(i.DMA_SetConfig) for DMA_SetConfig
    stm32f3xx_hal_dma.o(i.HAL_DMA_Start_IT) refers to stm32f3xx_hal_dma.o(i.DMA_SetConfig) for DMA_SetConfig
    stm32f3xx_hal_rcc_ex.o(i.HAL_RCCEx_GetPeriphCLKFreq) refers to memcpya.o(.text) for __aeabi_memcpy4
    stm32f3xx_hal_rcc_ex.o(i.HAL_RCCEx_GetPeriphCLKFreq) refers to stm32f3xx_hal_rcc.o(i.HAL_RCC_GetPCLK1Freq) for HAL_RCC_GetPCLK1Freq
    stm32f3xx_hal_rcc_ex.o(i.HAL_RCCEx_GetPeriphCLKFreq) refers to stm32f3xx_hal_rcc.o(i.HAL_RCC_GetSysClockFreq) for HAL_RCC_GetSysClockFreq
    stm32f3xx_hal_rcc_ex.o(i.HAL_RCCEx_GetPeriphCLKFreq) refers to stm32f3xx_hal_rcc_ex.o(i.RCC_GetPLLCLKFreq) for RCC_GetPLLCLKFreq
    stm32f3xx_hal_rcc_ex.o(i.HAL_RCCEx_GetPeriphCLKFreq) refers to stm32f3xx_hal_rcc_ex.o(.constdata) for .constdata
    stm32f3xx_hal_rcc_ex.o(i.HAL_RCCEx_GetPeriphCLKFreq) refers to system_stm32f3xx.o(.data) for SystemCoreClock
    stm32f3xx_hal_rcc_ex.o(i.HAL_RCCEx_PeriphCLKConfig) refers to stm32f3xx_hal.o(i.HAL_GetTick) for HAL_GetTick
    stm32f3xx_hal_pwr_ex.o(i.HAL_PWR_PVD_IRQHandler) refers to stm32f3xx_hal_pwr_ex.o(i.HAL_PWR_PVDCallback) for HAL_PWR_PVDCallback
    stm32f3xx_hal_rcc.o(i.HAL_RCC_ClockConfig) refers to stm32f3xx_hal.o(i.HAL_GetTick) for HAL_GetTick
    stm32f3xx_hal_rcc.o(i.HAL_RCC_ClockConfig) refers to stm32f3xx_hal_rcc.o(i.HAL_RCC_GetSysClockFreq) for HAL_RCC_GetSysClockFreq
    stm32f3xx_hal_rcc.o(i.HAL_RCC_ClockConfig) refers to stm32f3xx_hal.o(i.HAL_InitTick) for HAL_InitTick
    stm32f3xx_hal_rcc.o(i.HAL_RCC_ClockConfig) refers to system_stm32f3xx.o(.constdata) for AHBPrescTable
    stm32f3xx_hal_rcc.o(i.HAL_RCC_ClockConfig) refers to system_stm32f3xx.o(.data) for SystemCoreClock
    stm32f3xx_hal_rcc.o(i.HAL_RCC_DeInit) refers to system_stm32f3xx.o(.data) for SystemCoreClock
    stm32f3xx_hal_rcc.o(i.HAL_RCC_GetHCLKFreq) refers to system_stm32f3xx.o(.data) for SystemCoreClock
    stm32f3xx_hal_rcc.o(i.HAL_RCC_GetPCLK1Freq) refers to system_stm32f3xx.o(.data) for SystemCoreClock
    stm32f3xx_hal_rcc.o(i.HAL_RCC_GetPCLK1Freq) refers to system_stm32f3xx.o(.constdata) for APBPrescTable
    stm32f3xx_hal_rcc.o(i.HAL_RCC_GetPCLK2Freq) refers to system_stm32f3xx.o(.data) for SystemCoreClock
    stm32f3xx_hal_rcc.o(i.HAL_RCC_GetPCLK2Freq) refers to system_stm32f3xx.o(.constdata) for APBPrescTable
    stm32f3xx_hal_rcc.o(i.HAL_RCC_GetSysClockFreq) refers to stm32f3xx_hal_rcc.o(.constdata) for .constdata
    stm32f3xx_hal_rcc.o(i.HAL_RCC_MCOConfig) refers to memseta.o(.text) for __aeabi_memclr4
    stm32f3xx_hal_rcc.o(i.HAL_RCC_MCOConfig) refers to stm32f3xx_hal_gpio.o(i.HAL_GPIO_Init) for HAL_GPIO_Init
    stm32f3xx_hal_rcc.o(i.HAL_RCC_NMI_IRQHandler) refers to stm32f3xx_hal_rcc.o(i.HAL_RCC_CSSCallback) for HAL_RCC_CSSCallback
    stm32f3xx_hal_rcc.o(i.HAL_RCC_OscConfig) refers to stm32f3xx_hal.o(i.HAL_GetTick) for HAL_GetTick
    stm32f3xx_hal_tim.o(i.HAL_TIM_Base_DeInit) refers to stm32f3xx_hal_tim.o(i.HAL_TIM_Base_MspDeInit) for HAL_TIM_Base_MspDeInit
    stm32f3xx_hal_tim.o(i.HAL_TIM_Base_Init) refers to stm32f3xx_hal_tim.o(i.HAL_TIM_Base_MspInit) for HAL_TIM_Base_MspInit
    stm32f3xx_hal_tim.o(i.HAL_TIM_Base_Init) refers to stm32f3xx_hal_tim.o(i.TIM_Base_SetConfig) for TIM_Base_SetConfig
    stm32f3xx_hal_tim.o(i.HAL_TIM_Base_Start_DMA) refers to stm32f3xx_hal_dma.o(i.HAL_DMA_Start_IT) for HAL_DMA_Start_IT
    stm32f3xx_hal_tim.o(i.HAL_TIM_Base_Start_DMA) refers to stm32f3xx_hal_tim.o(i.TIM_DMAPeriodElapsedCplt) for TIM_DMAPeriodElapsedCplt
    stm32f3xx_hal_tim.o(i.HAL_TIM_Base_Start_DMA) refers to stm32f3xx_hal_tim.o(i.TIM_DMAError) for TIM_DMAError
    stm32f3xx_hal_tim.o(i.HAL_TIM_ConfigClockSource) refers to stm32f3xx_hal_tim.o(i.TIM_ETR_SetConfig) for TIM_ETR_SetConfig
    stm32f3xx_hal_tim.o(i.HAL_TIM_ConfigClockSource) refers to stm32f3xx_hal_tim.o(i.TIM_TI1_ConfigInputStage) for TIM_TI1_ConfigInputStage
    stm32f3xx_hal_tim.o(i.HAL_TIM_ConfigClockSource) refers to stm32f3xx_hal_tim.o(i.TIM_TI2_ConfigInputStage) for TIM_TI2_ConfigInputStage
    stm32f3xx_hal_tim.o(i.HAL_TIM_ConfigClockSource) refers to stm32f3xx_hal_tim.o(i.TIM_ITRx_SetConfig) for TIM_ITRx_SetConfig
    stm32f3xx_hal_tim.o(i.HAL_TIM_ConfigOCrefClear) refers to stm32f3xx_hal_tim.o(i.TIM_ETR_SetConfig) for TIM_ETR_SetConfig
    stm32f3xx_hal_tim.o(i.HAL_TIM_DMABurst_ReadStart) refers to stm32f3xx_hal_dma.o(i.HAL_DMA_Start_IT) for HAL_DMA_Start_IT
    stm32f3xx_hal_tim.o(i.HAL_TIM_DMABurst_ReadStart) refers to stm32f3xx_hal_tim.o(i.TIM_DMAError) for TIM_DMAError
    stm32f3xx_hal_tim.o(i.HAL_TIM_DMABurst_ReadStart) refers to stm32f3xx_hal_tim.o(i.TIM_DMACaptureCplt) for TIM_DMACaptureCplt
    stm32f3xx_hal_tim.o(i.HAL_TIM_DMABurst_ReadStart) refers to stm32f3xx_hal_tim.o(i.TIM_DMAPeriodElapsedCplt) for TIM_DMAPeriodElapsedCplt
    stm32f3xx_hal_tim.o(i.HAL_TIM_DMABurst_ReadStart) refers to stm32f3xx_hal_tim_ex.o(i.TIMEx_DMACommutationCplt) for TIMEx_DMACommutationCplt
    stm32f3xx_hal_tim.o(i.HAL_TIM_DMABurst_ReadStart) refers to stm32f3xx_hal_tim.o(i.TIM_DMATriggerCplt) for TIM_DMATriggerCplt
    stm32f3xx_hal_tim.o(i.HAL_TIM_DMABurst_ReadStop) refers to stm32f3xx_hal_dma.o(i.HAL_DMA_Abort) for HAL_DMA_Abort
    stm32f3xx_hal_tim.o(i.HAL_TIM_DMABurst_WriteStart) refers to stm32f3xx_hal_dma.o(i.HAL_DMA_Start_IT) for HAL_DMA_Start_IT
    stm32f3xx_hal_tim.o(i.HAL_TIM_DMABurst_WriteStart) refers to stm32f3xx_hal_tim.o(i.TIM_DMAError) for TIM_DMAError
    stm32f3xx_hal_tim.o(i.HAL_TIM_DMABurst_WriteStart) refers to stm32f3xx_hal_tim.o(i.TIM_DMADelayPulseCplt) for TIM_DMADelayPulseCplt
    stm32f3xx_hal_tim.o(i.HAL_TIM_DMABurst_WriteStart) refers to stm32f3xx_hal_tim.o(i.TIM_DMAPeriodElapsedCplt) for TIM_DMAPeriodElapsedCplt
    stm32f3xx_hal_tim.o(i.HAL_TIM_DMABurst_WriteStart) refers to stm32f3xx_hal_tim_ex.o(i.TIMEx_DMACommutationCplt) for TIMEx_DMACommutationCplt
    stm32f3xx_hal_tim.o(i.HAL_TIM_DMABurst_WriteStart) refers to stm32f3xx_hal_tim.o(i.TIM_DMATriggerCplt) for TIM_DMATriggerCplt
    stm32f3xx_hal_tim.o(i.HAL_TIM_DMABurst_WriteStop) refers to stm32f3xx_hal_dma.o(i.HAL_DMA_Abort) for HAL_DMA_Abort
    stm32f3xx_hal_tim.o(i.HAL_TIM_Encoder_DeInit) refers to stm32f3xx_hal_tim.o(i.HAL_TIM_Encoder_MspDeInit) for HAL_TIM_Encoder_MspDeInit
    stm32f3xx_hal_tim.o(i.HAL_TIM_Encoder_Init) refers to stm32f3xx_hal_tim.o(i.HAL_TIM_Encoder_MspInit) for HAL_TIM_Encoder_MspInit
    stm32f3xx_hal_tim.o(i.HAL_TIM_Encoder_Init) refers to stm32f3xx_hal_tim.o(i.TIM_Base_SetConfig) for TIM_Base_SetConfig
    stm32f3xx_hal_tim.o(i.HAL_TIM_Encoder_Start) refers to stm32f3xx_hal_tim.o(i.TIM_CCxChannelCmd) for TIM_CCxChannelCmd
    stm32f3xx_hal_tim.o(i.HAL_TIM_Encoder_Start_DMA) refers to stm32f3xx_hal_dma.o(i.HAL_DMA_Start_IT) for HAL_DMA_Start_IT
    stm32f3xx_hal_tim.o(i.HAL_TIM_Encoder_Start_DMA) refers to stm32f3xx_hal_tim.o(i.TIM_CCxChannelCmd) for TIM_CCxChannelCmd
    stm32f3xx_hal_tim.o(i.HAL_TIM_Encoder_Start_DMA) refers to stm32f3xx_hal_tim.o(i.TIM_DMACaptureCplt) for TIM_DMACaptureCplt
    stm32f3xx_hal_tim.o(i.HAL_TIM_Encoder_Start_DMA) refers to stm32f3xx_hal_tim.o(i.TIM_DMAError) for TIM_DMAError
    stm32f3xx_hal_tim.o(i.HAL_TIM_Encoder_Start_IT) refers to stm32f3xx_hal_tim.o(i.TIM_CCxChannelCmd) for TIM_CCxChannelCmd
    stm32f3xx_hal_tim.o(i.HAL_TIM_Encoder_Stop) refers to stm32f3xx_hal_tim.o(i.TIM_CCxChannelCmd) for TIM_CCxChannelCmd
    stm32f3xx_hal_tim.o(i.HAL_TIM_Encoder_Stop_DMA) refers to stm32f3xx_hal_tim.o(i.TIM_CCxChannelCmd) for TIM_CCxChannelCmd
    stm32f3xx_hal_tim.o(i.HAL_TIM_Encoder_Stop_IT) refers to stm32f3xx_hal_tim.o(i.TIM_CCxChannelCmd) for TIM_CCxChannelCmd
    stm32f3xx_hal_tim.o(i.HAL_TIM_IC_ConfigChannel) refers to stm32f3xx_hal_tim.o(i.TIM_TI1_SetConfig) for TIM_TI1_SetConfig
    stm32f3xx_hal_tim.o(i.HAL_TIM_IC_ConfigChannel) refers to stm32f3xx_hal_tim.o(i.TIM_TI2_SetConfig) for TIM_TI2_SetConfig
    stm32f3xx_hal_tim.o(i.HAL_TIM_IC_DeInit) refers to stm32f3xx_hal_tim.o(i.HAL_TIM_IC_MspDeInit) for HAL_TIM_IC_MspDeInit
    stm32f3xx_hal_tim.o(i.HAL_TIM_IC_Init) refers to stm32f3xx_hal_tim.o(i.HAL_TIM_IC_MspInit) for HAL_TIM_IC_MspInit
    stm32f3xx_hal_tim.o(i.HAL_TIM_IC_Init) refers to stm32f3xx_hal_tim.o(i.TIM_Base_SetConfig) for TIM_Base_SetConfig
    stm32f3xx_hal_tim.o(i.HAL_TIM_IC_Start) refers to stm32f3xx_hal_tim.o(i.TIM_CCxChannelCmd) for TIM_CCxChannelCmd
    stm32f3xx_hal_tim.o(i.HAL_TIM_IC_Start_DMA) refers to stm32f3xx_hal_dma.o(i.HAL_DMA_Start_IT) for HAL_DMA_Start_IT
    stm32f3xx_hal_tim.o(i.HAL_TIM_IC_Start_DMA) refers to stm32f3xx_hal_tim.o(i.TIM_CCxChannelCmd) for TIM_CCxChannelCmd
    stm32f3xx_hal_tim.o(i.HAL_TIM_IC_Start_DMA) refers to stm32f3xx_hal_tim.o(i.TIM_DMACaptureCplt) for TIM_DMACaptureCplt
    stm32f3xx_hal_tim.o(i.HAL_TIM_IC_Start_DMA) refers to stm32f3xx_hal_tim.o(i.TIM_DMAError) for TIM_DMAError
    stm32f3xx_hal_tim.o(i.HAL_TIM_IC_Start_IT) refers to stm32f3xx_hal_tim.o(i.TIM_CCxChannelCmd) for TIM_CCxChannelCmd
    stm32f3xx_hal_tim.o(i.HAL_TIM_IC_Stop) refers to stm32f3xx_hal_tim.o(i.TIM_CCxChannelCmd) for TIM_CCxChannelCmd
    stm32f3xx_hal_tim.o(i.HAL_TIM_IC_Stop_DMA) refers to stm32f3xx_hal_tim.o(i.TIM_CCxChannelCmd) for TIM_CCxChannelCmd
    stm32f3xx_hal_tim.o(i.HAL_TIM_IC_Stop_IT) refers to stm32f3xx_hal_tim.o(i.TIM_CCxChannelCmd) for TIM_CCxChannelCmd
    stm32f3xx_hal_tim.o(i.HAL_TIM_IRQHandler) refers to stm32f3xx_hal_tim.o(i.HAL_TIM_IC_CaptureCallback) for HAL_TIM_IC_CaptureCallback
    stm32f3xx_hal_tim.o(i.HAL_TIM_IRQHandler) refers to stm32f3xx_hal_tim.o(i.HAL_TIM_OC_DelayElapsedCallback) for HAL_TIM_OC_DelayElapsedCallback
    stm32f3xx_hal_tim.o(i.HAL_TIM_IRQHandler) refers to stm32f3xx_hal_tim.o(i.HAL_TIM_PWM_PulseFinishedCallback) for HAL_TIM_PWM_PulseFinishedCallback
    stm32f3xx_hal_tim.o(i.HAL_TIM_IRQHandler) refers to ws2812b.o(i.HAL_TIM_PeriodElapsedCallback) for HAL_TIM_PeriodElapsedCallback
    stm32f3xx_hal_tim.o(i.HAL_TIM_IRQHandler) refers to stm32f3xx_hal_tim_ex.o(i.HAL_TIMEx_BreakCallback) for HAL_TIMEx_BreakCallback
    stm32f3xx_hal_tim.o(i.HAL_TIM_IRQHandler) refers to stm32f3xx_hal_tim.o(i.HAL_TIM_TriggerCallback) for HAL_TIM_TriggerCallback
    stm32f3xx_hal_tim.o(i.HAL_TIM_IRQHandler) refers to stm32f3xx_hal_tim_ex.o(i.HAL_TIMEx_CommutationCallback) for HAL_TIMEx_CommutationCallback
    stm32f3xx_hal_tim.o(i.HAL_TIM_OC_ConfigChannel) refers to stm32f3xx_hal_tim.o(i.TIM_OC1_SetConfig) for TIM_OC1_SetConfig
    stm32f3xx_hal_tim.o(i.HAL_TIM_OC_ConfigChannel) refers to stm32f3xx_hal_tim.o(i.TIM_OC2_SetConfig) for TIM_OC2_SetConfig
    stm32f3xx_hal_tim.o(i.HAL_TIM_OC_ConfigChannel) refers to stm32f3xx_hal_tim.o(i.TIM_OC3_SetConfig) for TIM_OC3_SetConfig
    stm32f3xx_hal_tim.o(i.HAL_TIM_OC_ConfigChannel) refers to stm32f3xx_hal_tim.o(i.TIM_OC4_SetConfig) for TIM_OC4_SetConfig
    stm32f3xx_hal_tim.o(i.HAL_TIM_OC_DeInit) refers to stm32f3xx_hal_tim.o(i.HAL_TIM_OC_MspDeInit) for HAL_TIM_OC_MspDeInit
    stm32f3xx_hal_tim.o(i.HAL_TIM_OC_Init) refers to stm32f3xx_hal_tim.o(i.HAL_TIM_OC_MspInit) for HAL_TIM_OC_MspInit
    stm32f3xx_hal_tim.o(i.HAL_TIM_OC_Init) refers to stm32f3xx_hal_tim.o(i.TIM_Base_SetConfig) for TIM_Base_SetConfig
    stm32f3xx_hal_tim.o(i.HAL_TIM_OC_Start) refers to stm32f3xx_hal_tim.o(i.TIM_CCxChannelCmd) for TIM_CCxChannelCmd
    stm32f3xx_hal_tim.o(i.HAL_TIM_OC_Start_DMA) refers to stm32f3xx_hal_dma.o(i.HAL_DMA_Start_IT) for HAL_DMA_Start_IT
    stm32f3xx_hal_tim.o(i.HAL_TIM_OC_Start_DMA) refers to stm32f3xx_hal_tim.o(i.TIM_CCxChannelCmd) for TIM_CCxChannelCmd
    stm32f3xx_hal_tim.o(i.HAL_TIM_OC_Start_DMA) refers to stm32f3xx_hal_tim.o(i.TIM_DMADelayPulseCplt) for TIM_DMADelayPulseCplt
    stm32f3xx_hal_tim.o(i.HAL_TIM_OC_Start_DMA) refers to stm32f3xx_hal_tim.o(i.TIM_DMAError) for TIM_DMAError
    stm32f3xx_hal_tim.o(i.HAL_TIM_OC_Start_IT) refers to stm32f3xx_hal_tim.o(i.TIM_CCxChannelCmd) for TIM_CCxChannelCmd
    stm32f3xx_hal_tim.o(i.HAL_TIM_OC_Stop) refers to stm32f3xx_hal_tim.o(i.TIM_CCxChannelCmd) for TIM_CCxChannelCmd
    stm32f3xx_hal_tim.o(i.HAL_TIM_OC_Stop_DMA) refers to stm32f3xx_hal_tim.o(i.TIM_CCxChannelCmd) for TIM_CCxChannelCmd
    stm32f3xx_hal_tim.o(i.HAL_TIM_OC_Stop_IT) refers to stm32f3xx_hal_tim.o(i.TIM_CCxChannelCmd) for TIM_CCxChannelCmd
    stm32f3xx_hal_tim.o(i.HAL_TIM_OnePulse_ConfigChannel) refers to stm32f3xx_hal_tim.o(i.TIM_OC1_SetConfig) for TIM_OC1_SetConfig
    stm32f3xx_hal_tim.o(i.HAL_TIM_OnePulse_ConfigChannel) refers to stm32f3xx_hal_tim.o(i.TIM_OC2_SetConfig) for TIM_OC2_SetConfig
    stm32f3xx_hal_tim.o(i.HAL_TIM_OnePulse_ConfigChannel) refers to stm32f3xx_hal_tim.o(i.TIM_TI1_SetConfig) for TIM_TI1_SetConfig
    stm32f3xx_hal_tim.o(i.HAL_TIM_OnePulse_ConfigChannel) refers to stm32f3xx_hal_tim.o(i.TIM_TI2_SetConfig) for TIM_TI2_SetConfig
    stm32f3xx_hal_tim.o(i.HAL_TIM_OnePulse_DeInit) refers to stm32f3xx_hal_tim.o(i.HAL_TIM_OnePulse_MspDeInit) for HAL_TIM_OnePulse_MspDeInit
    stm32f3xx_hal_tim.o(i.HAL_TIM_OnePulse_Init) refers to stm32f3xx_hal_tim.o(i.HAL_TIM_OnePulse_MspInit) for HAL_TIM_OnePulse_MspInit
    stm32f3xx_hal_tim.o(i.HAL_TIM_OnePulse_Init) refers to stm32f3xx_hal_tim.o(i.TIM_Base_SetConfig) for TIM_Base_SetConfig
    stm32f3xx_hal_tim.o(i.HAL_TIM_OnePulse_Start) refers to stm32f3xx_hal_tim.o(i.TIM_CCxChannelCmd) for TIM_CCxChannelCmd
    stm32f3xx_hal_tim.o(i.HAL_TIM_OnePulse_Start_IT) refers to stm32f3xx_hal_tim.o(i.TIM_CCxChannelCmd) for TIM_CCxChannelCmd
    stm32f3xx_hal_tim.o(i.HAL_TIM_OnePulse_Stop) refers to stm32f3xx_hal_tim.o(i.TIM_CCxChannelCmd) for TIM_CCxChannelCmd
    stm32f3xx_hal_tim.o(i.HAL_TIM_OnePulse_Stop_IT) refers to stm32f3xx_hal_tim.o(i.TIM_CCxChannelCmd) for TIM_CCxChannelCmd
    stm32f3xx_hal_tim.o(i.HAL_TIM_PWM_ConfigChannel) refers to stm32f3xx_hal_tim.o(i.TIM_OC1_SetConfig) for TIM_OC1_SetConfig
    stm32f3xx_hal_tim.o(i.HAL_TIM_PWM_ConfigChannel) refers to stm32f3xx_hal_tim.o(i.TIM_OC2_SetConfig) for TIM_OC2_SetConfig
    stm32f3xx_hal_tim.o(i.HAL_TIM_PWM_ConfigChannel) refers to stm32f3xx_hal_tim.o(i.TIM_OC3_SetConfig) for TIM_OC3_SetConfig
    stm32f3xx_hal_tim.o(i.HAL_TIM_PWM_ConfigChannel) refers to stm32f3xx_hal_tim.o(i.TIM_OC4_SetConfig) for TIM_OC4_SetConfig
    stm32f3xx_hal_tim.o(i.HAL_TIM_PWM_DeInit) refers to stm32f3xx_hal_tim.o(i.HAL_TIM_PWM_MspDeInit) for HAL_TIM_PWM_MspDeInit
    stm32f3xx_hal_tim.o(i.HAL_TIM_PWM_Init) refers to stm32f3xx_hal_tim.o(i.HAL_TIM_PWM_MspInit) for HAL_TIM_PWM_MspInit
    stm32f3xx_hal_tim.o(i.HAL_TIM_PWM_Init) refers to stm32f3xx_hal_tim.o(i.TIM_Base_SetConfig) for TIM_Base_SetConfig
    stm32f3xx_hal_tim.o(i.HAL_TIM_PWM_Start) refers to stm32f3xx_hal_tim.o(i.TIM_CCxChannelCmd) for TIM_CCxChannelCmd
    stm32f3xx_hal_tim.o(i.HAL_TIM_PWM_Start_DMA) refers to stm32f3xx_hal_dma.o(i.HAL_DMA_Start_IT) for HAL_DMA_Start_IT
    stm32f3xx_hal_tim.o(i.HAL_TIM_PWM_Start_DMA) refers to stm32f3xx_hal_tim.o(i.TIM_CCxChannelCmd) for TIM_CCxChannelCmd
    stm32f3xx_hal_tim.o(i.HAL_TIM_PWM_Start_DMA) refers to stm32f3xx_hal_tim.o(i.TIM_DMADelayPulseCplt) for TIM_DMADelayPulseCplt
    stm32f3xx_hal_tim.o(i.HAL_TIM_PWM_Start_DMA) refers to stm32f3xx_hal_tim.o(i.TIM_DMAError) for TIM_DMAError
    stm32f3xx_hal_tim.o(i.HAL_TIM_PWM_Start_IT) refers to stm32f3xx_hal_tim.o(i.TIM_CCxChannelCmd) for TIM_CCxChannelCmd
    stm32f3xx_hal_tim.o(i.HAL_TIM_PWM_Stop) refers to stm32f3xx_hal_tim.o(i.TIM_CCxChannelCmd) for TIM_CCxChannelCmd
    stm32f3xx_hal_tim.o(i.HAL_TIM_PWM_Stop_DMA) refers to stm32f3xx_hal_tim.o(i.TIM_CCxChannelCmd) for TIM_CCxChannelCmd
    stm32f3xx_hal_tim.o(i.HAL_TIM_PWM_Stop_IT) refers to stm32f3xx_hal_tim.o(i.TIM_CCxChannelCmd) for TIM_CCxChannelCmd
    stm32f3xx_hal_tim.o(i.HAL_TIM_SlaveConfigSynchronization) refers to stm32f3xx_hal_tim.o(i.TIM_SlaveTimer_SetConfig) for TIM_SlaveTimer_SetConfig
    stm32f3xx_hal_tim.o(i.HAL_TIM_SlaveConfigSynchronization_IT) refers to stm32f3xx_hal_tim.o(i.TIM_SlaveTimer_SetConfig) for TIM_SlaveTimer_SetConfig
    stm32f3xx_hal_tim.o(i.TIM_DMACaptureCplt) refers to stm32f3xx_hal_tim.o(i.HAL_TIM_IC_CaptureCallback) for HAL_TIM_IC_CaptureCallback
    stm32f3xx_hal_tim.o(i.TIM_DMADelayPulseCplt) refers to stm32f3xx_hal_tim.o(i.HAL_TIM_PWM_PulseFinishedCallback) for HAL_TIM_PWM_PulseFinishedCallback
    stm32f3xx_hal_tim.o(i.TIM_DMAError) refers to stm32f3xx_hal_tim.o(i.HAL_TIM_ErrorCallback) for HAL_TIM_ErrorCallback
    stm32f3xx_hal_tim.o(i.TIM_DMAPeriodElapsedCplt) refers to ws2812b.o(i.HAL_TIM_PeriodElapsedCallback) for HAL_TIM_PeriodElapsedCallback
    stm32f3xx_hal_tim.o(i.TIM_DMATriggerCplt) refers to stm32f3xx_hal_tim.o(i.HAL_TIM_TriggerCallback) for HAL_TIM_TriggerCallback
    stm32f3xx_hal_tim.o(i.TIM_SlaveTimer_SetConfig) refers to stm32f3xx_hal_tim.o(i.TIM_ETR_SetConfig) for TIM_ETR_SetConfig
    stm32f3xx_hal_tim.o(i.TIM_SlaveTimer_SetConfig) refers to stm32f3xx_hal_tim.o(i.TIM_TI1_ConfigInputStage) for TIM_TI1_ConfigInputStage
    stm32f3xx_hal_tim.o(i.TIM_SlaveTimer_SetConfig) refers to stm32f3xx_hal_tim.o(i.TIM_TI2_ConfigInputStage) for TIM_TI2_ConfigInputStage
    stm32f3xx_hal_cortex.o(i.HAL_NVIC_SetPriority) refers to stm32f3xx_hal_cortex.o(i.__NVIC_SetPriority) for __NVIC_SetPriority
    stm32f3xx_hal_cortex.o(i.HAL_SYSTICK_Config) refers to stm32f3xx_hal_cortex.o(i.__NVIC_SetPriority) for __NVIC_SetPriority
    stm32f3xx_hal_cortex.o(i.HAL_SYSTICK_IRQHandler) refers to stm32f3xx_hal_cortex.o(i.HAL_SYSTICK_Callback) for HAL_SYSTICK_Callback
    stm32f3xx_hal.o(i.HAL_DeInit) refers to stm32f3xx_hal.o(i.HAL_MspDeInit) for HAL_MspDeInit
    stm32f3xx_hal.o(i.HAL_Delay) refers to stm32f3xx_hal.o(i.HAL_GetTick) for HAL_GetTick
    stm32f3xx_hal.o(i.HAL_GetTick) refers to stm32f3xx_hal.o(.data) for .data
    stm32f3xx_hal.o(i.HAL_IncTick) refers to stm32f3xx_hal.o(.data) for .data
    stm32f3xx_hal.o(i.HAL_Init) refers to stm32f3xx_hal_cortex.o(i.HAL_NVIC_SetPriorityGrouping) for HAL_NVIC_SetPriorityGrouping
    stm32f3xx_hal.o(i.HAL_Init) refers to stm32f3xx_hal.o(i.HAL_InitTick) for HAL_InitTick
    stm32f3xx_hal.o(i.HAL_Init) refers to stm32f3xx_hal.o(i.HAL_MspInit) for HAL_MspInit
    stm32f3xx_hal.o(i.HAL_InitTick) refers to stm32f3xx_hal_cortex.o(i.HAL_SYSTICK_Config) for HAL_SYSTICK_Config
    stm32f3xx_hal.o(i.HAL_InitTick) refers to stm32f3xx_hal_cortex.o(i.HAL_NVIC_SetPriority) for HAL_NVIC_SetPriority
    stm32f3xx_hal.o(i.HAL_InitTick) refers to system_stm32f3xx.o(.data) for SystemCoreClock
    stm32f3xx_hal_gpio.o(i.HAL_GPIO_EXTI_IRQHandler) refers to stm32f3xx_hal_gpio.o(i.HAL_GPIO_EXTI_Callback) for HAL_GPIO_EXTI_Callback
    stm32f3xx_nucleo_32.o(i.BSP_LED_Init) refers to stm32f3xx_hal_gpio.o(i.HAL_GPIO_Init) for HAL_GPIO_Init
    stm32f3xx_nucleo_32.o(i.BSP_LED_Init) refers to stm32f3xx_hal_gpio.o(i.HAL_GPIO_WritePin) for HAL_GPIO_WritePin
    stm32f3xx_nucleo_32.o(i.BSP_LED_Init) refers to stm32f3xx_nucleo_32.o(.constdata) for .constdata
    stm32f3xx_nucleo_32.o(i.BSP_LED_Init) refers to stm32f3xx_nucleo_32.o(.data) for .data
    stm32f3xx_nucleo_32.o(i.BSP_LED_Off) refers to stm32f3xx_hal_gpio.o(i.HAL_GPIO_WritePin) for HAL_GPIO_WritePin
    stm32f3xx_nucleo_32.o(i.BSP_LED_Off) refers to stm32f3xx_nucleo_32.o(.constdata) for .constdata
    stm32f3xx_nucleo_32.o(i.BSP_LED_Off) refers to stm32f3xx_nucleo_32.o(.data) for .data
    stm32f3xx_nucleo_32.o(i.BSP_LED_On) refers to stm32f3xx_hal_gpio.o(i.HAL_GPIO_WritePin) for HAL_GPIO_WritePin
    stm32f3xx_nucleo_32.o(i.BSP_LED_On) refers to stm32f3xx_nucleo_32.o(.constdata) for .constdata
    stm32f3xx_nucleo_32.o(i.BSP_LED_On) refers to stm32f3xx_nucleo_32.o(.data) for .data
    stm32f3xx_nucleo_32.o(i.BSP_LED_Toggle) refers to stm32f3xx_hal_gpio.o(i.HAL_GPIO_TogglePin) for HAL_GPIO_TogglePin
    stm32f3xx_nucleo_32.o(i.BSP_LED_Toggle) refers to stm32f3xx_nucleo_32.o(.constdata) for .constdata
    stm32f3xx_nucleo_32.o(i.BSP_LED_Toggle) refers to stm32f3xx_nucleo_32.o(.data) for .data
    startup_stm32f303x8.o(RESET) refers to startup_stm32f303x8.o(STACK) for __initial_sp
    startup_stm32f303x8.o(RESET) refers to startup_stm32f303x8.o(.text) for Reset_Handler
    startup_stm32f303x8.o(RESET) refers to stm32f3xx_it.o(i.NMI_Handler) for NMI_Handler
    startup_stm32f303x8.o(RESET) refers to stm32f3xx_it.o(i.HardFault_Handler) for HardFault_Handler
    startup_stm32f303x8.o(RESET) refers to stm32f3xx_it.o(i.MemManage_Handler) for MemManage_Handler
    startup_stm32f303x8.o(RESET) refers to stm32f3xx_it.o(i.BusFault_Handler) for BusFault_Handler
    startup_stm32f303x8.o(RESET) refers to stm32f3xx_it.o(i.UsageFault_Handler) for UsageFault_Handler
    startup_stm32f303x8.o(RESET) refers to stm32f3xx_it.o(i.SVC_Handler) for SVC_Handler
    startup_stm32f303x8.o(RESET) refers to stm32f3xx_it.o(i.DebugMon_Handler) for DebugMon_Handler
    startup_stm32f303x8.o(RESET) refers to stm32f3xx_it.o(i.PendSV_Handler) for PendSV_Handler
    startup_stm32f303x8.o(RESET) refers to stm32f3xx_it.o(i.SysTick_Handler) for SysTick_Handler
    startup_stm32f303x8.o(RESET) refers to ws2812b.o(i.DMA1_Channel7_IRQHandler) for DMA1_Channel7_IRQHandler
    startup_stm32f303x8.o(RESET) refers to ws2812b.o(i.TIM2_IRQHandler) for TIM2_IRQHandler
    startup_stm32f303x8.o(.text) refers to system_stm32f3xx.o(i.SystemInit) for SystemInit
    startup_stm32f303x8.o(.text) refers to entry.o(.ARM.Collect$$$$00000000) for __main
    entry.o(.ARM.Collect$$$$00000000) refers (Special) to entry10a.o(.ARM.Collect$$$$0000000D) for __rt_final_cpp
    entry.o(.ARM.Collect$$$$00000000) refers (Special) to entry11a.o(.ARM.Collect$$$$0000000F) for __rt_final_exit
    entry.o(.ARM.Collect$$$$00000000) refers (Special) to entry7b.o(.ARM.Collect$$$$00000008) for _main_clock
    entry.o(.ARM.Collect$$$$00000000) refers (Special) to entry8b.o(.ARM.Collect$$$$0000000A) for _main_cpp_init
    entry.o(.ARM.Collect$$$$00000000) refers (Special) to entry9a.o(.ARM.Collect$$$$0000000B) for _main_init
    entry.o(.ARM.Collect$$$$00000000) refers (Special) to entry5.o(.ARM.Collect$$$$00000004) for _main_scatterload
    entry.o(.ARM.Collect$$$$00000000) refers (Special) to entry2.o(.ARM.Collect$$$$00000001) for _main_stk
    rand.o(.text) refers to rand.o(.data) for .data
    entry2.o(.ARM.Collect$$$$00000001) refers to entry2.o(.ARM.Collect$$$$00002712) for __lit__00000000
    entry2.o(.ARM.Collect$$$$00002712) refers to startup_stm32f303x8.o(STACK) for __initial_sp
    entry2.o(__vectab_stack_and_reset_area) refers to startup_stm32f303x8.o(STACK) for __initial_sp
    entry2.o(__vectab_stack_and_reset_area) refers to entry.o(.ARM.Collect$$$$00000000) for __main
    entry5.o(.ARM.Collect$$$$00000004) refers to init.o(.text) for __scatterload
    entry9a.o(.ARM.Collect$$$$0000000B) refers to main.o(i.main) for main
    entry9b.o(.ARM.Collect$$$$0000000C) refers to main.o(i.main) for main
    init.o(.text) refers to entry5.o(.ARM.Collect$$$$00000004) for __main_after_scatterload


==============================================================================

Removing Unused input sections from the image.

    Removing system_stm32f3xx.o(.rev16_text), (4 bytes).
    Removing system_stm32f3xx.o(.revsh_text), (4 bytes).
    Removing system_stm32f3xx.o(.rrx_text), (6 bytes).
    Removing system_stm32f3xx.o(i.SystemCoreClockUpdate), (112 bytes).
    Removing system_stm32f3xx.o(.constdata), (8 bytes).
    Removing main.o(.rev16_text), (4 bytes).
    Removing main.o(.revsh_text), (4 bytes).
    Removing main.o(.rrx_text), (6 bytes).
    Removing stm32f3xx_it.o(.rev16_text), (4 bytes).
    Removing stm32f3xx_it.o(.revsh_text), (4 bytes).
    Removing stm32f3xx_it.o(.rrx_text), (6 bytes).
    Removing ws2812b.o(.rev16_text), (4 bytes).
    Removing ws2812b.o(.revsh_text), (4 bytes).
    Removing ws2812b.o(.rrx_text), (6 bytes).
    Removing stm32f3xx_hal_tim_ex.o(.rev16_text), (4 bytes).
    Removing stm32f3xx_hal_tim_ex.o(.revsh_text), (4 bytes).
    Removing stm32f3xx_hal_tim_ex.o(.rrx_text), (6 bytes).
    Removing stm32f3xx_hal_tim_ex.o(i.HAL_TIMEx_ConfigBreakDeadTime), (124 bytes).
    Removing stm32f3xx_hal_tim_ex.o(i.HAL_TIMEx_ConfigCommutationEvent), (92 bytes).
    Removing stm32f3xx_hal_tim_ex.o(i.HAL_TIMEx_ConfigCommutationEvent_DMA), (124 bytes).
    Removing stm32f3xx_hal_tim_ex.o(i.HAL_TIMEx_ConfigCommutationEvent_IT), (102 bytes).
    Removing stm32f3xx_hal_tim_ex.o(i.HAL_TIMEx_GroupChannel5), (56 bytes).
    Removing stm32f3xx_hal_tim_ex.o(i.HAL_TIMEx_HallSensor_DeInit), (56 bytes).
    Removing stm32f3xx_hal_tim_ex.o(i.HAL_TIMEx_HallSensor_GetState), (6 bytes).
    Removing stm32f3xx_hal_tim_ex.o(i.HAL_TIMEx_HallSensor_Init), (192 bytes).
    Removing stm32f3xx_hal_tim_ex.o(i.HAL_TIMEx_HallSensor_MspDeInit), (2 bytes).
    Removing stm32f3xx_hal_tim_ex.o(i.HAL_TIMEx_HallSensor_MspInit), (2 bytes).
    Removing stm32f3xx_hal_tim_ex.o(i.HAL_TIMEx_HallSensor_Start), (28 bytes).
    Removing stm32f3xx_hal_tim_ex.o(i.HAL_TIMEx_HallSensor_Start_DMA), (104 bytes).
    Removing stm32f3xx_hal_tim_ex.o(i.HAL_TIMEx_HallSensor_Start_IT), (38 bytes).
    Removing stm32f3xx_hal_tim_ex.o(i.HAL_TIMEx_HallSensor_Stop), (46 bytes).
    Removing stm32f3xx_hal_tim_ex.o(i.HAL_TIMEx_HallSensor_Stop_DMA), (56 bytes).
    Removing stm32f3xx_hal_tim_ex.o(i.HAL_TIMEx_HallSensor_Stop_IT), (56 bytes).
    Removing stm32f3xx_hal_tim_ex.o(i.HAL_TIMEx_MasterConfigSynchronization), (76 bytes).
    Removing stm32f3xx_hal_tim_ex.o(i.HAL_TIMEx_OCN_Start), (36 bytes).
    Removing stm32f3xx_hal_tim_ex.o(i.HAL_TIMEx_OCN_Start_DMA), (220 bytes).
    Removing stm32f3xx_hal_tim_ex.o(i.HAL_TIMEx_OCN_Start_IT), (96 bytes).
    Removing stm32f3xx_hal_tim_ex.o(i.HAL_TIMEx_OCN_Stop), (68 bytes).
    Removing stm32f3xx_hal_tim_ex.o(i.HAL_TIMEx_OCN_Stop_DMA), (124 bytes).
    Removing stm32f3xx_hal_tim_ex.o(i.HAL_TIMEx_OCN_Stop_IT), (134 bytes).
    Removing stm32f3xx_hal_tim_ex.o(i.HAL_TIMEx_OnePulseN_Start), (26 bytes).
    Removing stm32f3xx_hal_tim_ex.o(i.HAL_TIMEx_OnePulseN_Start_IT), (46 bytes).
    Removing stm32f3xx_hal_tim_ex.o(i.HAL_TIMEx_OnePulseN_Stop), (68 bytes).
    Removing stm32f3xx_hal_tim_ex.o(i.HAL_TIMEx_OnePulseN_Stop_IT), (88 bytes).
    Removing stm32f3xx_hal_tim_ex.o(i.HAL_TIMEx_PWMN_Start), (36 bytes).
    Removing stm32f3xx_hal_tim_ex.o(i.HAL_TIMEx_PWMN_Start_DMA), (220 bytes).
    Removing stm32f3xx_hal_tim_ex.o(i.HAL_TIMEx_PWMN_Start_IT), (96 bytes).
    Removing stm32f3xx_hal_tim_ex.o(i.HAL_TIMEx_PWMN_Stop), (68 bytes).
    Removing stm32f3xx_hal_tim_ex.o(i.HAL_TIMEx_PWMN_Stop_DMA), (124 bytes).
    Removing stm32f3xx_hal_tim_ex.o(i.HAL_TIMEx_PWMN_Stop_IT), (134 bytes).
    Removing stm32f3xx_hal_tim_ex.o(i.HAL_TIMEx_RemapConfig), (34 bytes).
    Removing stm32f3xx_hal_tim_ex.o(i.HAL_TIM_ConfigOCrefClear), (272 bytes).
    Removing stm32f3xx_hal_tim_ex.o(i.HAL_TIM_OC_ConfigChannel), (114 bytes).
    Removing stm32f3xx_hal_tim_ex.o(i.TIMEx_DMACommutationCplt), (16 bytes).
    Removing stm32f3xx_hal_tim_ex.o(i.TIM_CCxNChannelCmd), (22 bytes).
    Removing stm32f3xx_hal_dma.o(.rev16_text), (4 bytes).
    Removing stm32f3xx_hal_dma.o(.revsh_text), (4 bytes).
    Removing stm32f3xx_hal_dma.o(.rrx_text), (6 bytes).
    Removing stm32f3xx_hal_dma.o(i.HAL_DMA_Abort), (86 bytes).
    Removing stm32f3xx_hal_dma.o(i.HAL_DMA_Abort_IT), (152 bytes).
    Removing stm32f3xx_hal_dma.o(i.HAL_DMA_DeInit), (288 bytes).
    Removing stm32f3xx_hal_dma.o(i.HAL_DMA_GetError), (4 bytes).
    Removing stm32f3xx_hal_dma.o(i.HAL_DMA_GetState), (6 bytes).
    Removing stm32f3xx_hal_dma.o(i.HAL_DMA_PollForTransfer), (572 bytes).
    Removing stm32f3xx_hal_rcc_ex.o(.rev16_text), (4 bytes).
    Removing stm32f3xx_hal_rcc_ex.o(.revsh_text), (4 bytes).
    Removing stm32f3xx_hal_rcc_ex.o(.rrx_text), (6 bytes).
    Removing stm32f3xx_hal_rcc_ex.o(i.HAL_RCCEx_GetPeriphCLKConfig), (72 bytes).
    Removing stm32f3xx_hal_rcc_ex.o(i.HAL_RCCEx_GetPeriphCLKFreq), (276 bytes).
    Removing stm32f3xx_hal_rcc_ex.o(i.HAL_RCCEx_PeriphCLKConfig), (372 bytes).
    Removing stm32f3xx_hal_rcc_ex.o(i.RCC_GetPLLCLKFreq), (60 bytes).
    Removing stm32f3xx_hal_rcc_ex.o(.constdata), (24 bytes).
    Removing stm32f3xx_hal_pwr_ex.o(.rev16_text), (4 bytes).
    Removing stm32f3xx_hal_pwr_ex.o(.revsh_text), (4 bytes).
    Removing stm32f3xx_hal_pwr_ex.o(.rrx_text), (6 bytes).
    Removing stm32f3xx_hal_pwr_ex.o(i.HAL_PWR_ConfigPVD), (124 bytes).
    Removing stm32f3xx_hal_pwr_ex.o(i.HAL_PWR_DisablePVD), (16 bytes).
    Removing stm32f3xx_hal_pwr_ex.o(i.HAL_PWR_EnablePVD), (16 bytes).
    Removing stm32f3xx_hal_pwr_ex.o(i.HAL_PWR_PVDCallback), (2 bytes).
    Removing stm32f3xx_hal_pwr_ex.o(i.HAL_PWR_PVD_IRQHandler), (28 bytes).
    Removing stm32f3xx_hal_rcc.o(.rev16_text), (4 bytes).
    Removing stm32f3xx_hal_rcc.o(.revsh_text), (4 bytes).
    Removing stm32f3xx_hal_rcc.o(.rrx_text), (6 bytes).
    Removing stm32f3xx_hal_rcc.o(i.HAL_RCC_CSSCallback), (2 bytes).
    Removing stm32f3xx_hal_rcc.o(i.HAL_RCC_DeInit), (72 bytes).
    Removing stm32f3xx_hal_rcc.o(i.HAL_RCC_DisableCSS), (28 bytes).
    Removing stm32f3xx_hal_rcc.o(i.HAL_RCC_EnableCSS), (24 bytes).
    Removing stm32f3xx_hal_rcc.o(i.HAL_RCC_GetClockConfig), (64 bytes).
    Removing stm32f3xx_hal_rcc.o(i.HAL_RCC_GetHCLKFreq), (12 bytes).
    Removing stm32f3xx_hal_rcc.o(i.HAL_RCC_GetOscConfig), (156 bytes).
    Removing stm32f3xx_hal_rcc.o(i.HAL_RCC_GetPCLK1Freq), (48 bytes).
    Removing stm32f3xx_hal_rcc.o(i.HAL_RCC_GetPCLK2Freq), (48 bytes).
    Removing stm32f3xx_hal_rcc.o(i.HAL_RCC_MCOConfig), (84 bytes).
    Removing stm32f3xx_hal_rcc.o(i.HAL_RCC_NMI_IRQHandler), (24 bytes).
    Removing stm32f3xx_hal_tim.o(.rev16_text), (4 bytes).
    Removing stm32f3xx_hal_tim.o(.revsh_text), (4 bytes).
    Removing stm32f3xx_hal_tim.o(.rrx_text), (6 bytes).
    Removing stm32f3xx_hal_tim.o(i.HAL_TIM_Base_DeInit), (56 bytes).
    Removing stm32f3xx_hal_tim.o(i.HAL_TIM_Base_GetState), (6 bytes).
    Removing stm32f3xx_hal_tim.o(i.HAL_TIM_Base_Init), (54 bytes).
    Removing stm32f3xx_hal_tim.o(i.HAL_TIM_Base_MspDeInit), (2 bytes).
    Removing stm32f3xx_hal_tim.o(i.HAL_TIM_Base_MspInit), (2 bytes).
    Removing stm32f3xx_hal_tim.o(i.HAL_TIM_Base_Start_DMA), (92 bytes).
    Removing stm32f3xx_hal_tim.o(i.HAL_TIM_Base_Start_IT), (24 bytes).
    Removing stm32f3xx_hal_tim.o(i.HAL_TIM_Base_Stop), (44 bytes).
    Removing stm32f3xx_hal_tim.o(i.HAL_TIM_Base_Stop_DMA), (48 bytes).
    Removing stm32f3xx_hal_tim.o(i.HAL_TIM_Base_Stop_IT), (42 bytes).
    Removing stm32f3xx_hal_tim.o(i.HAL_TIM_ConfigClockSource), (252 bytes).
    Removing stm32f3xx_hal_tim.o(i.HAL_TIM_ConfigOCrefClear), (170 bytes).
    Removing stm32f3xx_hal_tim.o(i.HAL_TIM_ConfigTI1Input), (16 bytes).
    Removing stm32f3xx_hal_tim.o(i.HAL_TIM_DMABurst_ReadStart), (260 bytes).
    Removing stm32f3xx_hal_tim.o(i.HAL_TIM_DMABurst_ReadStop), (96 bytes).
    Removing stm32f3xx_hal_tim.o(i.HAL_TIM_DMABurst_WriteStart), (260 bytes).
    Removing stm32f3xx_hal_tim.o(i.HAL_TIM_DMABurst_WriteStop), (96 bytes).
    Removing stm32f3xx_hal_tim.o(i.HAL_TIM_Encoder_DeInit), (56 bytes).
    Removing stm32f3xx_hal_tim.o(i.HAL_TIM_Encoder_GetState), (6 bytes).
    Removing stm32f3xx_hal_tim.o(i.HAL_TIM_Encoder_Init), (156 bytes).
    Removing stm32f3xx_hal_tim.o(i.HAL_TIM_Encoder_MspDeInit), (2 bytes).
    Removing stm32f3xx_hal_tim.o(i.HAL_TIM_Encoder_MspInit), (2 bytes).
    Removing stm32f3xx_hal_tim.o(i.HAL_TIM_Encoder_Start), (52 bytes).
    Removing stm32f3xx_hal_tim.o(i.HAL_TIM_Encoder_Start_DMA), (272 bytes).
    Removing stm32f3xx_hal_tim.o(i.HAL_TIM_Encoder_Start_IT), (92 bytes).
    Removing stm32f3xx_hal_tim.o(i.HAL_TIM_Encoder_Stop), (70 bytes).
    Removing stm32f3xx_hal_tim.o(i.HAL_TIM_Encoder_Stop_DMA), (116 bytes).
    Removing stm32f3xx_hal_tim.o(i.HAL_TIM_Encoder_Stop_IT), (116 bytes).
    Removing stm32f3xx_hal_tim.o(i.HAL_TIM_ErrorCallback), (2 bytes).
    Removing stm32f3xx_hal_tim.o(i.HAL_TIM_GenerateEvent), (38 bytes).
    Removing stm32f3xx_hal_tim.o(i.HAL_TIM_IC_ConfigChannel), (286 bytes).
    Removing stm32f3xx_hal_tim.o(i.HAL_TIM_IC_DeInit), (56 bytes).
    Removing stm32f3xx_hal_tim.o(i.HAL_TIM_IC_GetState), (6 bytes).
    Removing stm32f3xx_hal_tim.o(i.HAL_TIM_IC_Init), (54 bytes).
    Removing stm32f3xx_hal_tim.o(i.HAL_TIM_IC_MspDeInit), (2 bytes).
    Removing stm32f3xx_hal_tim.o(i.HAL_TIM_IC_MspInit), (2 bytes).
    Removing stm32f3xx_hal_tim.o(i.HAL_TIM_IC_Start), (26 bytes).
    Removing stm32f3xx_hal_tim.o(i.HAL_TIM_IC_Start_DMA), (200 bytes).
    Removing stm32f3xx_hal_tim.o(i.HAL_TIM_IC_Start_IT), (76 bytes).
    Removing stm32f3xx_hal_tim.o(i.HAL_TIM_IC_Stop), (44 bytes).
    Removing stm32f3xx_hal_tim.o(i.HAL_TIM_IC_Stop_DMA), (100 bytes).
    Removing stm32f3xx_hal_tim.o(i.HAL_TIM_IC_Stop_IT), (94 bytes).
    Removing stm32f3xx_hal_tim.o(i.HAL_TIM_OC_ConfigChannel), (86 bytes).
    Removing stm32f3xx_hal_tim.o(i.HAL_TIM_OC_DeInit), (56 bytes).
    Removing stm32f3xx_hal_tim.o(i.HAL_TIM_OC_GetState), (6 bytes).
    Removing stm32f3xx_hal_tim.o(i.HAL_TIM_OC_Init), (54 bytes).
    Removing stm32f3xx_hal_tim.o(i.HAL_TIM_OC_MspDeInit), (2 bytes).
    Removing stm32f3xx_hal_tim.o(i.HAL_TIM_OC_MspInit), (2 bytes).
    Removing stm32f3xx_hal_tim.o(i.HAL_TIM_OC_Start), (76 bytes).
    Removing stm32f3xx_hal_tim.o(i.HAL_TIM_OC_Start_DMA), (260 bytes).
    Removing stm32f3xx_hal_tim.o(i.HAL_TIM_OC_Start_IT), (128 bytes).
    Removing stm32f3xx_hal_tim.o(i.HAL_TIM_OC_Stop), (108 bytes).
    Removing stm32f3xx_hal_tim.o(i.HAL_TIM_OC_Stop_DMA), (164 bytes).
    Removing stm32f3xx_hal_tim.o(i.HAL_TIM_OC_Stop_IT), (156 bytes).
    Removing stm32f3xx_hal_tim.o(i.HAL_TIM_OnePulse_ConfigChannel), (224 bytes).
    Removing stm32f3xx_hal_tim.o(i.HAL_TIM_OnePulse_DeInit), (56 bytes).
    Removing stm32f3xx_hal_tim.o(i.HAL_TIM_OnePulse_GetState), (6 bytes).
    Removing stm32f3xx_hal_tim.o(i.HAL_TIM_OnePulse_Init), (74 bytes).
    Removing stm32f3xx_hal_tim.o(i.HAL_TIM_OnePulse_MspDeInit), (2 bytes).
    Removing stm32f3xx_hal_tim.o(i.HAL_TIM_OnePulse_MspInit), (2 bytes).
    Removing stm32f3xx_hal_tim.o(i.HAL_TIM_OnePulse_Start), (80 bytes).
    Removing stm32f3xx_hal_tim.o(i.HAL_TIM_OnePulse_Start_IT), (100 bytes).
    Removing stm32f3xx_hal_tim.o(i.HAL_TIM_OnePulse_Stop), (120 bytes).
    Removing stm32f3xx_hal_tim.o(i.HAL_TIM_OnePulse_Stop_IT), (140 bytes).
    Removing stm32f3xx_hal_tim.o(i.HAL_TIM_PWM_ConfigChannel), (208 bytes).
    Removing stm32f3xx_hal_tim.o(i.HAL_TIM_PWM_DeInit), (56 bytes).
    Removing stm32f3xx_hal_tim.o(i.HAL_TIM_PWM_GetState), (6 bytes).
    Removing stm32f3xx_hal_tim.o(i.HAL_TIM_PWM_MspDeInit), (2 bytes).
    Removing stm32f3xx_hal_tim.o(i.HAL_TIM_PWM_Start_DMA), (260 bytes).
    Removing stm32f3xx_hal_tim.o(i.HAL_TIM_PWM_Start_IT), (128 bytes).
    Removing stm32f3xx_hal_tim.o(i.HAL_TIM_PWM_Stop), (112 bytes).
    Removing stm32f3xx_hal_tim.o(i.HAL_TIM_PWM_Stop_DMA), (164 bytes).
    Removing stm32f3xx_hal_tim.o(i.HAL_TIM_PWM_Stop_IT), (156 bytes).
    Removing stm32f3xx_hal_tim.o(i.HAL_TIM_PeriodElapsedCallback), (2 bytes).
    Removing stm32f3xx_hal_tim.o(i.HAL_TIM_ReadCapturedValue), (68 bytes).
    Removing stm32f3xx_hal_tim.o(i.HAL_TIM_SlaveConfigSynchronization), (66 bytes).
    Removing stm32f3xx_hal_tim.o(i.HAL_TIM_SlaveConfigSynchronization_IT), (66 bytes).
    Removing stm32f3xx_hal_tim.o(i.TIM_DMACaptureCplt), (62 bytes).
    Removing stm32f3xx_hal_tim.o(i.TIM_DMADelayPulseCplt), (62 bytes).
    Removing stm32f3xx_hal_tim.o(i.TIM_DMAError), (16 bytes).
    Removing stm32f3xx_hal_tim.o(i.TIM_DMAPeriodElapsedCplt), (16 bytes).
    Removing stm32f3xx_hal_tim.o(i.TIM_DMATriggerCplt), (16 bytes).
    Removing stm32f3xx_hal_tim.o(i.TIM_ETR_SetConfig), (20 bytes).
    Removing stm32f3xx_hal_tim.o(i.TIM_ITRx_SetConfig), (16 bytes).
    Removing stm32f3xx_hal_tim.o(i.TIM_SlaveTimer_SetConfig), (128 bytes).
    Removing stm32f3xx_hal_tim.o(i.TIM_TI1_ConfigInputStage), (34 bytes).
    Removing stm32f3xx_hal_tim.o(i.TIM_TI1_SetConfig), (88 bytes).
    Removing stm32f3xx_hal_tim.o(i.TIM_TI2_ConfigInputStage), (36 bytes).
    Removing stm32f3xx_hal_tim.o(i.TIM_TI2_SetConfig), (54 bytes).
    Removing stm32f3xx_hal_cortex.o(.rev16_text), (4 bytes).
    Removing stm32f3xx_hal_cortex.o(.revsh_text), (4 bytes).
    Removing stm32f3xx_hal_cortex.o(.rrx_text), (6 bytes).
    Removing stm32f3xx_hal_cortex.o(i.HAL_NVIC_ClearPendingIRQ), (26 bytes).
    Removing stm32f3xx_hal_cortex.o(i.HAL_NVIC_DisableIRQ), (26 bytes).
    Removing stm32f3xx_hal_cortex.o(i.HAL_NVIC_GetActive), (36 bytes).
    Removing stm32f3xx_hal_cortex.o(i.HAL_NVIC_GetPendingIRQ), (36 bytes).
    Removing stm32f3xx_hal_cortex.o(i.HAL_NVIC_GetPriority), (82 bytes).
    Removing stm32f3xx_hal_cortex.o(i.HAL_NVIC_GetPriorityGrouping), (16 bytes).
    Removing stm32f3xx_hal_cortex.o(i.HAL_NVIC_SetPendingIRQ), (26 bytes).
    Removing stm32f3xx_hal_cortex.o(i.HAL_NVIC_SystemReset), (36 bytes).
    Removing stm32f3xx_hal_cortex.o(i.HAL_SYSTICK_CLKSourceConfig), (24 bytes).
    Removing stm32f3xx_hal_cortex.o(i.HAL_SYSTICK_Callback), (2 bytes).
    Removing stm32f3xx_hal_cortex.o(i.HAL_SYSTICK_IRQHandler), (8 bytes).
    Removing stm32f3xx_hal.o(.rev16_text), (4 bytes).
    Removing stm32f3xx_hal.o(.revsh_text), (4 bytes).
    Removing stm32f3xx_hal.o(.rrx_text), (6 bytes).
    Removing stm32f3xx_hal.o(i.HAL_DBGMCU_DisableDBGSleepMode), (16 bytes).
    Removing stm32f3xx_hal.o(i.HAL_DBGMCU_DisableDBGStandbyMode), (16 bytes).
    Removing stm32f3xx_hal.o(i.HAL_DBGMCU_DisableDBGStopMode), (16 bytes).
    Removing stm32f3xx_hal.o(i.HAL_DBGMCU_EnableDBGSleepMode), (16 bytes).
    Removing stm32f3xx_hal.o(i.HAL_DBGMCU_EnableDBGStandbyMode), (16 bytes).
    Removing stm32f3xx_hal.o(i.HAL_DBGMCU_EnableDBGStopMode), (16 bytes).
    Removing stm32f3xx_hal.o(i.HAL_DeInit), (36 bytes).
    Removing stm32f3xx_hal.o(i.HAL_Delay), (22 bytes).
    Removing stm32f3xx_hal.o(i.HAL_GetDEVID), (16 bytes).
    Removing stm32f3xx_hal.o(i.HAL_GetHalVersion), (8 bytes).
    Removing stm32f3xx_hal.o(i.HAL_GetREVID), (12 bytes).
    Removing stm32f3xx_hal.o(i.HAL_MspDeInit), (2 bytes).
    Removing stm32f3xx_hal.o(i.HAL_ResumeTick), (14 bytes).
    Removing stm32f3xx_hal.o(i.HAL_SuspendTick), (14 bytes).
    Removing stm32f3xx_hal_gpio.o(.rev16_text), (4 bytes).
    Removing stm32f3xx_hal_gpio.o(.revsh_text), (4 bytes).
    Removing stm32f3xx_hal_gpio.o(.rrx_text), (6 bytes).
    Removing stm32f3xx_hal_gpio.o(i.HAL_GPIO_DeInit), (264 bytes).
    Removing stm32f3xx_hal_gpio.o(i.HAL_GPIO_EXTI_Callback), (2 bytes).
    Removing stm32f3xx_hal_gpio.o(i.HAL_GPIO_EXTI_IRQHandler), (24 bytes).
    Removing stm32f3xx_hal_gpio.o(i.HAL_GPIO_LockPin), (34 bytes).
    Removing stm32f3xx_hal_gpio.o(i.HAL_GPIO_ReadPin), (10 bytes).
    Removing stm32f3xx_hal_gpio.o(i.HAL_GPIO_TogglePin), (8 bytes).
    Removing stm32f3xx_hal_gpio.o(i.HAL_GPIO_WritePin), (10 bytes).
    Removing stm32f3xx_nucleo_32.o(.rev16_text), (4 bytes).
    Removing stm32f3xx_nucleo_32.o(.revsh_text), (4 bytes).
    Removing stm32f3xx_nucleo_32.o(.rrx_text), (6 bytes).
    Removing stm32f3xx_nucleo_32.o(i.BSP_GetVersion), (8 bytes).
    Removing stm32f3xx_nucleo_32.o(i.BSP_LED_Init), (88 bytes).
    Removing stm32f3xx_nucleo_32.o(i.BSP_LED_Off), (28 bytes).
    Removing stm32f3xx_nucleo_32.o(i.BSP_LED_On), (28 bytes).
    Removing stm32f3xx_nucleo_32.o(i.BSP_LED_Toggle), (24 bytes).
    Removing stm32f3xx_nucleo_32.o(.constdata), (2 bytes).
    Removing stm32f3xx_nucleo_32.o(.data), (4 bytes).
    Removing startup_stm32f303x8.o(HEAP), (512 bytes).

238 unused section(s) (total 14952 bytes) removed from the image.

==============================================================================

Image Symbol Table

    Local Symbols

    Symbol Name                              Value     Ov Type        Size  Object(Section)

    ../clib/microlib/init/entry.s            0x00000000   Number         0  entry9b.o ABSOLUTE
    ../clib/microlib/init/entry.s            0x00000000   Number         0  entry10a.o ABSOLUTE
    ../clib/microlib/init/entry.s            0x00000000   Number         0  entry10b.o ABSOLUTE
    ../clib/microlib/init/entry.s            0x00000000   Number         0  entry11a.o ABSOLUTE
    ../clib/microlib/init/entry.s            0x00000000   Number         0  entry11b.o ABSOLUTE
    ../clib/microlib/init/entry.s            0x00000000   Number         0  entry7b.o ABSOLUTE
    ../clib/microlib/init/entry.s            0x00000000   Number         0  entry.o ABSOLUTE
    ../clib/microlib/init/entry.s            0x00000000   Number         0  entry2.o ABSOLUTE
    ../clib/microlib/init/entry.s            0x00000000   Number         0  entry5.o ABSOLUTE
    ../clib/microlib/init/entry.s            0x00000000   Number         0  entry7a.o ABSOLUTE
    ../clib/microlib/init/entry.s            0x00000000   Number         0  entry8a.o ABSOLUTE
    ../clib/microlib/init/entry.s            0x00000000   Number         0  entry8b.o ABSOLUTE
    ../clib/microlib/init/entry.s            0x00000000   Number         0  entry9a.o ABSOLUTE
    ../clib/microlib/stdlib/rand.c           0x00000000   Number         0  rand.o ABSOLUTE
    ../clib/microlib/string/memcpy.c         0x00000000   Number         0  memcpya.o ABSOLUTE
    ../clib/microlib/string/memcpy.c         0x00000000   Number         0  memcpyb.o ABSOLUTE
    ../clib/microlib/string/memset.c         0x00000000   Number         0  memseta.o ABSOLUTE
    ..\..\..\..\..\..\Drivers\BSP\STM32F3xx_Nucleo_32\stm32f3xx_nucleo_32.c 0x00000000   Number         0  stm32f3xx_nucleo_32.o ABSOLUTE
    ..\..\..\..\..\..\Drivers\STM32F3xx_HAL_Driver\Src\stm32f3xx_hal.c 0x00000000   Number         0  stm32f3xx_hal.o ABSOLUTE
    ..\..\..\..\..\..\Drivers\STM32F3xx_HAL_Driver\Src\stm32f3xx_hal_cortex.c 0x00000000   Number         0  stm32f3xx_hal_cortex.o ABSOLUTE
    ..\..\..\..\..\..\Drivers\STM32F3xx_HAL_Driver\Src\stm32f3xx_hal_dma.c 0x00000000   Number         0  stm32f3xx_hal_dma.o ABSOLUTE
    ..\..\..\..\..\..\Drivers\STM32F3xx_HAL_Driver\Src\stm32f3xx_hal_gpio.c 0x00000000   Number         0  stm32f3xx_hal_gpio.o ABSOLUTE
    ..\..\..\..\..\..\Drivers\STM32F3xx_HAL_Driver\Src\stm32f3xx_hal_pwr_ex.c 0x00000000   Number         0  stm32f3xx_hal_pwr_ex.o ABSOLUTE
    ..\..\..\..\..\..\Drivers\STM32F3xx_HAL_Driver\Src\stm32f3xx_hal_rcc.c 0x00000000   Number         0  stm32f3xx_hal_rcc.o ABSOLUTE
    ..\..\..\..\..\..\Drivers\STM32F3xx_HAL_Driver\Src\stm32f3xx_hal_rcc_ex.c 0x00000000   Number         0  stm32f3xx_hal_rcc_ex.o ABSOLUTE
    ..\..\..\..\..\..\Drivers\STM32F3xx_HAL_Driver\Src\stm32f3xx_hal_tim.c 0x00000000   Number         0  stm32f3xx_hal_tim.o ABSOLUTE
    ..\..\..\..\..\..\Drivers\STM32F3xx_HAL_Driver\Src\stm32f3xx_hal_tim_ex.c 0x00000000   Number         0  stm32f3xx_hal_tim_ex.o ABSOLUTE
    ..\Src\main.c                            0x00000000   Number         0  main.o ABSOLUTE
    ..\Src\stm32f3xx_it.c                    0x00000000   Number         0  stm32f3xx_it.o ABSOLUTE
    ..\Src\system_stm32f3xx.c                0x00000000   Number         0  system_stm32f3xx.o ABSOLUTE
    ..\Src\ws2812b.c                         0x00000000   Number         0  ws2812b.o ABSOLUTE
    ..\\..\\..\\..\\..\\..\\Drivers\\BSP\\STM32F3xx_Nucleo_32\\stm32f3xx_nucleo_32.c 0x00000000   Number         0  stm32f3xx_nucleo_32.o ABSOLUTE
    ..\\..\\..\\..\\..\\..\\Drivers\\STM32F3xx_HAL_Driver\\Src\\stm32f3xx_hal.c 0x00000000   Number         0  stm32f3xx_hal.o ABSOLUTE
    ..\\..\\..\\..\\..\\..\\Drivers\\STM32F3xx_HAL_Driver\\Src\\stm32f3xx_hal_cortex.c 0x00000000   Number         0  stm32f3xx_hal_cortex.o ABSOLUTE
    ..\\..\\..\\..\\..\\..\\Drivers\\STM32F3xx_HAL_Driver\\Src\\stm32f3xx_hal_dma.c 0x00000000   Number         0  stm32f3xx_hal_dma.o ABSOLUTE
    ..\\..\\..\\..\\..\\..\\Drivers\\STM32F3xx_HAL_Driver\\Src\\stm32f3xx_hal_gpio.c 0x00000000   Number         0  stm32f3xx_hal_gpio.o ABSOLUTE
    ..\\..\\..\\..\\..\\..\\Drivers\\STM32F3xx_HAL_Driver\\Src\\stm32f3xx_hal_pwr_ex.c 0x00000000   Number         0  stm32f3xx_hal_pwr_ex.o ABSOLUTE
    ..\\..\\..\\..\\..\\..\\Drivers\\STM32F3xx_HAL_Driver\\Src\\stm32f3xx_hal_rcc.c 0x00000000   Number         0  stm32f3xx_hal_rcc.o ABSOLUTE
    ..\\..\\..\\..\\..\\..\\Drivers\\STM32F3xx_HAL_Driver\\Src\\stm32f3xx_hal_rcc_ex.c 0x00000000   Number         0  stm32f3xx_hal_rcc_ex.o ABSOLUTE
    ..\\..\\..\\..\\..\\..\\Drivers\\STM32F3xx_HAL_Driver\\Src\\stm32f3xx_hal_tim.c 0x00000000   Number         0  stm32f3xx_hal_tim.o ABSOLUTE
    ..\\..\\..\\..\\..\\..\\Drivers\\STM32F3xx_HAL_Driver\\Src\\stm32f3xx_hal_tim_ex.c 0x00000000   Number         0  stm32f3xx_hal_tim_ex.o ABSOLUTE
    ..\\Src\\main.c                          0x00000000   Number         0  main.o ABSOLUTE
    ..\\Src\\stm32f3xx_it.c                  0x00000000   Number         0  stm32f3xx_it.o ABSOLUTE
    ..\\Src\\system_stm32f3xx.c              0x00000000   Number         0  system_stm32f3xx.o ABSOLUTE
    ..\\Src\\ws2812b.c                       0x00000000   Number         0  ws2812b.o ABSOLUTE
    dc.s                                     0x00000000   Number         0  dc.o ABSOLUTE
    handlers.s                               0x00000000   Number         0  handlers.o ABSOLUTE
    init.s                                   0x00000000   Number         0  init.o ABSOLUTE
    startup_stm32f303x8.s                    0x00000000   Number         0  startup_stm32f303x8.o ABSOLUTE
    RESET                                    0x08000000   Section      392  startup_stm32f303x8.o(RESET)
    .ARM.Collect$$$$00000000                 0x08000188   Section        0  entry.o(.ARM.Collect$$$$00000000)
    .ARM.Collect$$$$00000001                 0x08000188   Section        4  entry2.o(.ARM.Collect$$$$00000001)
    .ARM.Collect$$$$00000004                 0x0800018c   Section        4  entry5.o(.ARM.Collect$$$$00000004)
    .ARM.Collect$$$$00000008                 0x08000190   Section        0  entry7b.o(.ARM.Collect$$$$00000008)
    .ARM.Collect$$$$0000000A                 0x08000190   Section        0  entry8b.o(.ARM.Collect$$$$0000000A)
    .ARM.Collect$$$$0000000B                 0x08000190   Section        8  entry9a.o(.ARM.Collect$$$$0000000B)
    .ARM.Collect$$$$0000000D                 0x08000198   Section        0  entry10a.o(.ARM.Collect$$$$0000000D)
    .ARM.Collect$$$$0000000F                 0x08000198   Section        0  entry11a.o(.ARM.Collect$$$$0000000F)
    .ARM.Collect$$$$00002712                 0x08000198   Section        4  entry2.o(.ARM.Collect$$$$00002712)
    __lit__00000000                          0x08000198   Data           4  entry2.o(.ARM.Collect$$$$00002712)
    .text                                    0x0800019c   Section       36  startup_stm32f303x8.o(.text)
    $v0                                      0x0800019c   Number         0  startup_stm32f303x8.o(.text)
    .text                                    0x080001c0   Section        0  rand.o(.text)
    .text                                    0x080001e4   Section       36  init.o(.text)
    i.BusFault_Handler                       0x08000208   Section        0  stm32f3xx_it.o(i.BusFault_Handler)
    i.DMA1_Channel7_IRQHandler               0x0800020c   Section        0  ws2812b.o(i.DMA1_Channel7_IRQHandler)
    i.DMA_SetConfig                          0x08000218   Section        0  stm32f3xx_hal_dma.o(i.DMA_SetConfig)
    DMA_SetConfig                            0x08000219   Thumb Code    30  stm32f3xx_hal_dma.o(i.DMA_SetConfig)
    i.DMA_TransferCompleteHandler            0x08000238   Section        0  ws2812b.o(i.DMA_TransferCompleteHandler)
    i.DMA_TransferHalfHandler                0x080002bc   Section        0  ws2812b.o(i.DMA_TransferHalfHandler)
    i.DMA_init                               0x080002e4   Section        0  ws2812b.o(i.DMA_init)
    DMA_init                                 0x080002e5   Thumb Code   210  ws2812b.o(i.DMA_init)
    i.DebugMon_Handler                       0x080003d8   Section        0  stm32f3xx_it.o(i.DebugMon_Handler)
    i.HAL_DMA_IRQHandler                     0x080003dc   Section        0  stm32f3xx_hal_dma.o(i.HAL_DMA_IRQHandler)
    i.HAL_DMA_Init                           0x08000648   Section        0  stm32f3xx_hal_dma.o(i.HAL_DMA_Init)
    i.HAL_DMA_Start                          0x08000698   Section        0  stm32f3xx_hal_dma.o(i.HAL_DMA_Start)
    i.HAL_DMA_Start_IT                       0x080006d2   Section        0  stm32f3xx_hal_dma.o(i.HAL_DMA_Start_IT)
    i.HAL_GPIO_Init                          0x0800072c   Section        0  stm32f3xx_hal_gpio.o(i.HAL_GPIO_Init)
    i.HAL_GetTick                            0x080008ac   Section        0  stm32f3xx_hal.o(i.HAL_GetTick)
    i.HAL_IncTick                            0x080008b8   Section        0  stm32f3xx_hal.o(i.HAL_IncTick)
    i.HAL_Init                               0x080008c8   Section        0  stm32f3xx_hal.o(i.HAL_Init)
    i.HAL_InitTick                           0x080008ec   Section        0  stm32f3xx_hal.o(i.HAL_InitTick)
    i.HAL_MspInit                            0x08000914   Section        0  stm32f3xx_hal.o(i.HAL_MspInit)
    i.HAL_NVIC_EnableIRQ                     0x08000916   Section        0  stm32f3xx_hal_cortex.o(i.HAL_NVIC_EnableIRQ)
    i.HAL_NVIC_SetPriority                   0x08000930   Section        0  stm32f3xx_hal_cortex.o(i.HAL_NVIC_SetPriority)
    i.HAL_NVIC_SetPriorityGrouping           0x08000970   Section        0  stm32f3xx_hal_cortex.o(i.HAL_NVIC_SetPriorityGrouping)
    i.HAL_RCC_ClockConfig                    0x08000994   Section        0  stm32f3xx_hal_rcc.o(i.HAL_RCC_ClockConfig)
    i.HAL_RCC_GetSysClockFreq                0x08000b1c   Section        0  stm32f3xx_hal_rcc.o(i.HAL_RCC_GetSysClockFreq)
    i.HAL_RCC_OscConfig                      0x08000b80   Section        0  stm32f3xx_hal_rcc.o(i.HAL_RCC_OscConfig)
    i.HAL_SYSTICK_Config                     0x0800112c   Section        0  stm32f3xx_hal_cortex.o(i.HAL_SYSTICK_Config)
    i.HAL_TIMEx_BreakCallback                0x08001154   Section        0  stm32f3xx_hal_tim_ex.o(i.HAL_TIMEx_BreakCallback)
    i.HAL_TIMEx_CommutationCallback          0x08001156   Section        0  stm32f3xx_hal_tim_ex.o(i.HAL_TIMEx_CommutationCallback)
    i.HAL_TIM_Base_Start                     0x08001158   Section        0  stm32f3xx_hal_tim.o(i.HAL_TIM_Base_Start)
    i.HAL_TIM_IC_CaptureCallback             0x08001172   Section        0  stm32f3xx_hal_tim.o(i.HAL_TIM_IC_CaptureCallback)
    i.HAL_TIM_IRQHandler                     0x08001174   Section        0  stm32f3xx_hal_tim.o(i.HAL_TIM_IRQHandler)
    i.HAL_TIM_OC_DelayElapsedCallback        0x080012da   Section        0  stm32f3xx_hal_tim.o(i.HAL_TIM_OC_DelayElapsedCallback)
    i.HAL_TIM_PWM_ConfigChannel              0x080012dc   Section        0  stm32f3xx_hal_tim_ex.o(i.HAL_TIM_PWM_ConfigChannel)
    i.HAL_TIM_PWM_Init                       0x08001404   Section        0  stm32f3xx_hal_tim.o(i.HAL_TIM_PWM_Init)
    i.HAL_TIM_PWM_MspInit                    0x0800143a   Section        0  stm32f3xx_hal_tim.o(i.HAL_TIM_PWM_MspInit)
    i.HAL_TIM_PWM_PulseFinishedCallback      0x0800143c   Section        0  stm32f3xx_hal_tim.o(i.HAL_TIM_PWM_PulseFinishedCallback)
    i.HAL_TIM_PWM_Start                      0x08001440   Section        0  stm32f3xx_hal_tim.o(i.HAL_TIM_PWM_Start)
    i.HAL_TIM_PeriodElapsedCallback          0x0800148c   Section        0  ws2812b.o(i.HAL_TIM_PeriodElapsedCallback)
    i.HAL_TIM_TriggerCallback                0x080014dc   Section        0  stm32f3xx_hal_tim.o(i.HAL_TIM_TriggerCallback)
    i.HardFault_Handler                      0x080014de   Section        0  stm32f3xx_it.o(i.HardFault_Handler)
    i.MemManage_Handler                      0x080014e0   Section        0  stm32f3xx_it.o(i.MemManage_Handler)
    i.NMI_Handler                            0x080014e2   Section        0  stm32f3xx_it.o(i.NMI_Handler)
    i.PendSV_Handler                         0x080014e4   Section        0  stm32f3xx_it.o(i.PendSV_Handler)
    i.SVC_Handler                            0x080014e6   Section        0  stm32f3xx_it.o(i.SVC_Handler)
    i.SysTick_Handler                        0x080014e8   Section        0  stm32f3xx_it.o(i.SysTick_Handler)
    i.SystemClock_Config                     0x080014ec   Section        0  main.o(i.SystemClock_Config)
    i.SystemInit                             0x0800152c   Section        0  system_stm32f3xx.o(i.SystemInit)
    i.TIM2_IRQHandler                        0x08001594   Section        0  ws2812b.o(i.TIM2_IRQHandler)
    i.TIM2_init                              0x080015a0   Section        0  ws2812b.o(i.TIM2_init)
    TIM2_init                                0x080015a1   Thumb Code   164  ws2812b.o(i.TIM2_init)
    i.TIM_Base_SetConfig                     0x08001658   Section        0  stm32f3xx_hal_tim.o(i.TIM_Base_SetConfig)
    i.TIM_CCxChannelCmd                      0x080016d8   Section        0  stm32f3xx_hal_tim.o(i.TIM_CCxChannelCmd)
    i.TIM_OC1_SetConfig                      0x080016f0   Section        0  stm32f3xx_hal_tim.o(i.TIM_OC1_SetConfig)
    i.TIM_OC2_SetConfig                      0x08001778   Section        0  stm32f3xx_hal_tim.o(i.TIM_OC2_SetConfig)
    i.TIM_OC3_SetConfig                      0x080017f8   Section        0  stm32f3xx_hal_tim.o(i.TIM_OC3_SetConfig)
    i.TIM_OC4_SetConfig                      0x08001878   Section        0  stm32f3xx_hal_tim.o(i.TIM_OC4_SetConfig)
    i.TIM_OC5_SetConfig                      0x080018e4   Section        0  stm32f3xx_hal_tim_ex.o(i.TIM_OC5_SetConfig)
    TIM_OC5_SetConfig                        0x080018e5   Thumb Code    80  stm32f3xx_hal_tim_ex.o(i.TIM_OC5_SetConfig)
    i.TIM_OC6_SetConfig                      0x08001948   Section        0  stm32f3xx_hal_tim_ex.o(i.TIM_OC6_SetConfig)
    TIM_OC6_SetConfig                        0x08001949   Thumb Code    82  stm32f3xx_hal_tim_ex.o(i.TIM_OC6_SetConfig)
    i.UsageFault_Handler                     0x080019b0   Section        0  stm32f3xx_it.o(i.UsageFault_Handler)
    i.WS2812_sendbuf                         0x080019b4   Section        0  ws2812b.o(i.WS2812_sendbuf)
    WS2812_sendbuf                           0x080019b5   Thumb Code   162  ws2812b.o(i.WS2812_sendbuf)
    i.Wheel                                  0x08001a64   Section        0  ws2812b.o(i.Wheel)
    i.__NVIC_SetPriority                     0x08001aaa   Section        0  stm32f3xx_hal_cortex.o(i.__NVIC_SetPriority)
    __NVIC_SetPriority                       0x08001aab   Thumb Code    32  stm32f3xx_hal_cortex.o(i.__NVIC_SetPriority)
    i.__scatterload_copy                     0x08001aca   Section       14  handlers.o(i.__scatterload_copy)
    i.__scatterload_null                     0x08001ad8   Section        2  handlers.o(i.__scatterload_null)
    i.__scatterload_zeroinit                 0x08001ada   Section       14  handlers.o(i.__scatterload_zeroinit)
    i.loadNextFramebufferData                0x08001ae8   Section        0  ws2812b.o(i.loadNextFramebufferData)
    loadNextFramebufferData                  0x08001ae9   Thumb Code    46  ws2812b.o(i.loadNextFramebufferData)
    i.main                                   0x08001b16   Section        0  main.o(i.main)
    i.visDots                                0x08001b28   Section        0  ws2812b.o(i.visDots)
    i.visHandle                              0x08001bac   Section        0  ws2812b.o(i.visHandle)
    i.visHandle2                             0x08001bcc   Section        0  ws2812b.o(i.visHandle2)
    i.visInit                                0x08001c08   Section        0  ws2812b.o(i.visInit)
    i.visRainbow                             0x08001c30   Section        0  ws2812b.o(i.visRainbow)
    i.ws2812b_handle                         0x08001c84   Section        0  ws2812b.o(i.ws2812b_handle)
    i.ws2812b_init                           0x08001c9c   Section        0  ws2812b.o(i.ws2812b_init)
    i.ws2812b_set_pixel                      0x08001ce0   Section        0  ws2812b.o(i.ws2812b_set_pixel)
    ws2812b_set_pixel                        0x08001ce1   Thumb Code   176  ws2812b.o(i.ws2812b_set_pixel)
    .constdata                               0x08001d98   Section       16  system_stm32f3xx.o(.constdata)
    .constdata                               0x08001da8   Section      256  ws2812b.o(.constdata)
    .constdata                               0x08001ea8   Section       32  stm32f3xx_hal_rcc.o(.constdata)
    .data                                    0x20000000   Section        4  system_stm32f3xx.o(.data)
    .data                                    0x20000004   Section       20  ws2812b.o(.data)
    x                                        0x2000000c   Data           4  ws2812b.o(.data)
    timestamp                                0x20000010   Data           4  ws2812b.o(.data)
    .data                                    0x20000018   Section        4  stm32f3xx_hal.o(.data)
    .data                                    0x2000001c   Section        4  rand.o(.data)
    _rand_state                              0x2000001c   Data           4  rand.o(.data)
    .bss                                     0x20000020   Section      660  ws2812b.o(.bss)
    STACK                                    0x200002b8   Section     1024  startup_stm32f303x8.o(STACK)

    Global Symbols

    Symbol Name                              Value     Ov Type        Size  Object(Section)

    BuildAttributes$$THM_ISAv4$E$P$D$K$B$S$7EM$VFPi3$EXTD16$VFPS$VFMA$PE$A:L22UL41UL21$X:L11$S22US41US21$IEEE1$IW$USESV6$~STKCKD$USESV7$~SHL$OSPACE$EBA8$MICROLIB$REQ8$PRES8$EABIv2 0x00000000   Number         0  anon$$obj.o ABSOLUTE
    __ARM_use_no_argv                        0x00000000   Number         0  main.o ABSOLUTE
    __cpp_initialize__aeabi_                  - Undefined Weak Reference
    __cxa_finalize                            - Undefined Weak Reference
    __decompress                              - Undefined Weak Reference
    _clock_init                               - Undefined Weak Reference
    _microlib_exit                            - Undefined Weak Reference
    __Vectors_Size                           0x00000188   Number         0  startup_stm32f303x8.o ABSOLUTE
    __Vectors                                0x08000000   Data           4  startup_stm32f303x8.o(RESET)
    __Vectors_End                            0x08000188   Data           0  startup_stm32f303x8.o(RESET)
    __main                                   0x08000189   Thumb Code     0  entry.o(.ARM.Collect$$$$00000000)
    _main_stk                                0x08000189   Thumb Code     0  entry2.o(.ARM.Collect$$$$00000001)
    _main_scatterload                        0x0800018d   Thumb Code     0  entry5.o(.ARM.Collect$$$$00000004)
    __main_after_scatterload                 0x08000191   Thumb Code     0  entry5.o(.ARM.Collect$$$$00000004)
    _main_clock                              0x08000191   Thumb Code     0  entry7b.o(.ARM.Collect$$$$00000008)
    _main_cpp_init                           0x08000191   Thumb Code     0  entry8b.o(.ARM.Collect$$$$0000000A)
    _main_init                               0x08000191   Thumb Code     0  entry9a.o(.ARM.Collect$$$$0000000B)
    __rt_final_cpp                           0x08000199   Thumb Code     0  entry10a.o(.ARM.Collect$$$$0000000D)
    __rt_final_exit                          0x08000199   Thumb Code     0  entry11a.o(.ARM.Collect$$$$0000000F)
    Reset_Handler                            0x0800019d   Thumb Code     8  startup_stm32f303x8.o(.text)
    ADC1_2_IRQHandler                        0x080001b7   Thumb Code     0  startup_stm32f303x8.o(.text)
    CAN_RX0_IRQHandler                       0x080001b7   Thumb Code     0  startup_stm32f303x8.o(.text)
    CAN_RX1_IRQHandler                       0x080001b7   Thumb Code     0  startup_stm32f303x8.o(.text)
    CAN_SCE_IRQHandler                       0x080001b7   Thumb Code     0  startup_stm32f303x8.o(.text)
    CAN_TX_IRQHandler                        0x080001b7   Thumb Code     0  startup_stm32f303x8.o(.text)
    COMP2_IRQHandler                         0x080001b7   Thumb Code     0  startup_stm32f303x8.o(.text)
    COMP4_6_IRQHandler                       0x080001b7   Thumb Code     0  startup_stm32f303x8.o(.text)
    DMA1_Channel1_IRQHandler                 0x080001b7   Thumb Code     0  startup_stm32f303x8.o(.text)
    DMA1_Channel2_IRQHandler                 0x080001b7   Thumb Code     0  startup_stm32f303x8.o(.text)
    DMA1_Channel3_IRQHandler                 0x080001b7   Thumb Code     0  startup_stm32f303x8.o(.text)
    DMA1_Channel4_IRQHandler                 0x080001b7   Thumb Code     0  startup_stm32f303x8.o(.text)
    DMA1_Channel5_IRQHandler                 0x080001b7   Thumb Code     0  startup_stm32f303x8.o(.text)
    DMA1_Channel6_IRQHandler                 0x080001b7   Thumb Code     0  startup_stm32f303x8.o(.text)
    EXTI0_IRQHandler                         0x080001b7   Thumb Code     0  startup_stm32f303x8.o(.text)
    EXTI15_10_IRQHandler                     0x080001b7   Thumb Code     0  startup_stm32f303x8.o(.text)
    EXTI1_IRQHandler                         0x080001b7   Thumb Code     0  startup_stm32f303x8.o(.text)
    EXTI2_TSC_IRQHandler                     0x080001b7   Thumb Code     0  startup_stm32f303x8.o(.text)
    EXTI3_IRQHandler                         0x080001b7   Thumb Code     0  startup_stm32f303x8.o(.text)
    EXTI4_IRQHandler                         0x080001b7   Thumb Code     0  startup_stm32f303x8.o(.text)
    EXTI9_5_IRQHandler                       0x080001b7   Thumb Code     0  startup_stm32f303x8.o(.text)
    FLASH_IRQHandler                         0x080001b7   Thumb Code     0  startup_stm32f303x8.o(.text)
    FPU_IRQHandler                           0x080001b7   Thumb Code     0  startup_stm32f303x8.o(.text)
    I2C1_ER_IRQHandler                       0x080001b7   Thumb Code     0  startup_stm32f303x8.o(.text)
    I2C1_EV_IRQHandler                       0x080001b7   Thumb Code     0  startup_stm32f303x8.o(.text)
    PVD_IRQHandler                           0x080001b7   Thumb Code     0  startup_stm32f303x8.o(.text)
    RCC_IRQHandler                           0x080001b7   Thumb Code     0  startup_stm32f303x8.o(.text)
    RTC_Alarm_IRQHandler                     0x080001b7   Thumb Code     0  startup_stm32f303x8.o(.text)
    RTC_WKUP_IRQHandler                      0x080001b7   Thumb Code     0  startup_stm32f303x8.o(.text)
    SPI1_IRQHandler                          0x080001b7   Thumb Code     0  startup_stm32f303x8.o(.text)
    TAMP_STAMP_IRQHandler                    0x080001b7   Thumb Code     0  startup_stm32f303x8.o(.text)
    TIM1_BRK_TIM15_IRQHandler                0x080001b7   Thumb Code     0  startup_stm32f303x8.o(.text)
    TIM1_CC_IRQHandler                       0x080001b7   Thumb Code     0  startup_stm32f303x8.o(.text)
    TIM1_TRG_COM_TIM17_IRQHandler            0x080001b7   Thumb Code     0  startup_stm32f303x8.o(.text)
    TIM1_UP_TIM16_IRQHandler                 0x080001b7   Thumb Code     0  startup_stm32f303x8.o(.text)
    TIM3_IRQHandler                          0x080001b7   Thumb Code     0  startup_stm32f303x8.o(.text)
    TIM6_DAC1_IRQHandler                     0x080001b7   Thumb Code     0  startup_stm32f303x8.o(.text)
    TIM7_DAC2_IRQHandler                     0x080001b7   Thumb Code     0  startup_stm32f303x8.o(.text)
    USART1_IRQHandler                        0x080001b7   Thumb Code     0  startup_stm32f303x8.o(.text)
    USART2_IRQHandler                        0x080001b7   Thumb Code     0  startup_stm32f303x8.o(.text)
    USART3_IRQHandler                        0x080001b7   Thumb Code     0  startup_stm32f303x8.o(.text)
    WWDG_IRQHandler                          0x080001b7   Thumb Code     0  startup_stm32f303x8.o(.text)
    rand                                     0x080001c1   Thumb Code    20  rand.o(.text)
    srand                                    0x080001d5   Thumb Code     6  rand.o(.text)
    __scatterload                            0x080001e5   Thumb Code    28  init.o(.text)
    __scatterload_rt2                        0x080001e5   Thumb Code     0  init.o(.text)
    BusFault_Handler                         0x08000209   Thumb Code     2  stm32f3xx_it.o(i.BusFault_Handler)
    DMA1_Channel7_IRQHandler                 0x0800020d   Thumb Code     6  ws2812b.o(i.DMA1_Channel7_IRQHandler)
    DMA_TransferCompleteHandler              0x08000239   Thumb Code   118  ws2812b.o(i.DMA_TransferCompleteHandler)
    DMA_TransferHalfHandler                  0x080002bd   Thumb Code    36  ws2812b.o(i.DMA_TransferHalfHandler)
    DebugMon_Handler                         0x080003d9   Thumb Code     2  stm32f3xx_it.o(i.DebugMon_Handler)
    HAL_DMA_IRQHandler                       0x080003dd   Thumb Code   616  stm32f3xx_hal_dma.o(i.HAL_DMA_IRQHandler)
    HAL_DMA_Init                             0x08000649   Thumb Code    80  stm32f3xx_hal_dma.o(i.HAL_DMA_Init)
    HAL_DMA_Start                            0x08000699   Thumb Code    58  stm32f3xx_hal_dma.o(i.HAL_DMA_Start)
    HAL_DMA_Start_IT                         0x080006d3   Thumb Code    88  stm32f3xx_hal_dma.o(i.HAL_DMA_Start_IT)
    HAL_GPIO_Init                            0x0800072d   Thumb Code   358  stm32f3xx_hal_gpio.o(i.HAL_GPIO_Init)
    HAL_GetTick                              0x080008ad   Thumb Code     6  stm32f3xx_hal.o(i.HAL_GetTick)
    HAL_IncTick                              0x080008b9   Thumb Code    10  stm32f3xx_hal.o(i.HAL_IncTick)
    HAL_Init                                 0x080008c9   Thumb Code    32  stm32f3xx_hal.o(i.HAL_Init)
    HAL_InitTick                             0x080008ed   Thumb Code    34  stm32f3xx_hal.o(i.HAL_InitTick)
    HAL_MspInit                              0x08000915   Thumb Code     2  stm32f3xx_hal.o(i.HAL_MspInit)
    HAL_NVIC_EnableIRQ                       0x08000917   Thumb Code    26  stm32f3xx_hal_cortex.o(i.HAL_NVIC_EnableIRQ)
    HAL_NVIC_SetPriority                     0x08000931   Thumb Code    60  stm32f3xx_hal_cortex.o(i.HAL_NVIC_SetPriority)
    HAL_NVIC_SetPriorityGrouping             0x08000971   Thumb Code    26  stm32f3xx_hal_cortex.o(i.HAL_NVIC_SetPriorityGrouping)
    HAL_RCC_ClockConfig                      0x08000995   Thumb Code   374  stm32f3xx_hal_rcc.o(i.HAL_RCC_ClockConfig)
    HAL_RCC_GetSysClockFreq                  0x08000b1d   Thumb Code    84  stm32f3xx_hal_rcc.o(i.HAL_RCC_GetSysClockFreq)
    HAL_RCC_OscConfig                        0x08000b81   Thumb Code  1452  stm32f3xx_hal_rcc.o(i.HAL_RCC_OscConfig)
    HAL_SYSTICK_Config                       0x0800112d   Thumb Code    40  stm32f3xx_hal_cortex.o(i.HAL_SYSTICK_Config)
    HAL_TIMEx_BreakCallback                  0x08001155   Thumb Code     2  stm32f3xx_hal_tim_ex.o(i.HAL_TIMEx_BreakCallback)
    HAL_TIMEx_CommutationCallback            0x08001157   Thumb Code     2  stm32f3xx_hal_tim_ex.o(i.HAL_TIMEx_CommutationCallback)
    HAL_TIM_Base_Start                       0x08001159   Thumb Code    26  stm32f3xx_hal_tim.o(i.HAL_TIM_Base_Start)
    HAL_TIM_IC_CaptureCallback               0x08001173   Thumb Code     2  stm32f3xx_hal_tim.o(i.HAL_TIM_IC_CaptureCallback)
    HAL_TIM_IRQHandler                       0x08001175   Thumb Code   358  stm32f3xx_hal_tim.o(i.HAL_TIM_IRQHandler)
    HAL_TIM_OC_DelayElapsedCallback          0x080012db   Thumb Code     2  stm32f3xx_hal_tim.o(i.HAL_TIM_OC_DelayElapsedCallback)
    HAL_TIM_PWM_ConfigChannel                0x080012dd   Thumb Code   296  stm32f3xx_hal_tim_ex.o(i.HAL_TIM_PWM_ConfigChannel)
    HAL_TIM_PWM_Init                         0x08001405   Thumb Code    54  stm32f3xx_hal_tim.o(i.HAL_TIM_PWM_Init)
    HAL_TIM_PWM_MspInit                      0x0800143b   Thumb Code     2  stm32f3xx_hal_tim.o(i.HAL_TIM_PWM_MspInit)
    HAL_TIM_PWM_PulseFinishedCallback        0x0800143d   Thumb Code     2  stm32f3xx_hal_tim.o(i.HAL_TIM_PWM_PulseFinishedCallback)
    HAL_TIM_PWM_Start                        0x08001441   Thumb Code    60  stm32f3xx_hal_tim.o(i.HAL_TIM_PWM_Start)
    HAL_TIM_PeriodElapsedCallback            0x0800148d   Thumb Code    72  ws2812b.o(i.HAL_TIM_PeriodElapsedCallback)
    HAL_TIM_TriggerCallback                  0x080014dd   Thumb Code     2  stm32f3xx_hal_tim.o(i.HAL_TIM_TriggerCallback)
    HardFault_Handler                        0x080014df   Thumb Code     2  stm32f3xx_it.o(i.HardFault_Handler)
    MemManage_Handler                        0x080014e1   Thumb Code     2  stm32f3xx_it.o(i.MemManage_Handler)
    NMI_Handler                              0x080014e3   Thumb Code     2  stm32f3xx_it.o(i.NMI_Handler)
    PendSV_Handler                           0x080014e5   Thumb Code     2  stm32f3xx_it.o(i.PendSV_Handler)
    SVC_Handler                              0x080014e7   Thumb Code     2  stm32f3xx_it.o(i.SVC_Handler)
    SysTick_Handler                          0x080014e9   Thumb Code     4  stm32f3xx_it.o(i.SysTick_Handler)
    SystemClock_Config                       0x080014ed   Thumb Code    64  main.o(i.SystemClock_Config)
    SystemInit                               0x0800152d   Thumb Code    82  system_stm32f3xx.o(i.SystemInit)
    TIM2_IRQHandler                          0x08001595   Thumb Code     6  ws2812b.o(i.TIM2_IRQHandler)
    TIM_Base_SetConfig                       0x08001659   Thumb Code   106  stm32f3xx_hal_tim.o(i.TIM_Base_SetConfig)
    TIM_CCxChannelCmd                        0x080016d9   Thumb Code    22  stm32f3xx_hal_tim.o(i.TIM_CCxChannelCmd)
    TIM_OC1_SetConfig                        0x080016f1   Thumb Code   116  stm32f3xx_hal_tim.o(i.TIM_OC1_SetConfig)
    TIM_OC2_SetConfig                        0x08001779   Thumb Code   108  stm32f3xx_hal_tim.o(i.TIM_OC2_SetConfig)
    TIM_OC3_SetConfig                        0x080017f9   Thumb Code   106  stm32f3xx_hal_tim.o(i.TIM_OC3_SetConfig)
    TIM_OC4_SetConfig                        0x08001879   Thumb Code    86  stm32f3xx_hal_tim.o(i.TIM_OC4_SetConfig)
    UsageFault_Handler                       0x080019b1   Thumb Code     2  stm32f3xx_it.o(i.UsageFault_Handler)
    Wheel                                    0x08001a65   Thumb Code    70  ws2812b.o(i.Wheel)
    __scatterload_copy                       0x08001acb   Thumb Code    14  handlers.o(i.__scatterload_copy)
    __scatterload_null                       0x08001ad9   Thumb Code     2  handlers.o(i.__scatterload_null)
    __scatterload_zeroinit                   0x08001adb   Thumb Code    14  handlers.o(i.__scatterload_zeroinit)
    main                                     0x08001b17   Thumb Code    18  main.o(i.main)
    visDots                                  0x08001b29   Thumb Code   132  ws2812b.o(i.visDots)
    visHandle                                0x08001bad   Thumb Code    28  ws2812b.o(i.visHandle)
    visHandle2                               0x08001bcd   Thumb Code    52  ws2812b.o(i.visHandle2)
    visInit                                  0x08001c09   Thumb Code    34  ws2812b.o(i.visInit)
    visRainbow                               0x08001c31   Thumb Code    80  ws2812b.o(i.visRainbow)
    ws2812b_handle                           0x08001c85   Thumb Code    18  ws2812b.o(i.ws2812b_handle)
    ws2812b_init                             0x08001c9d   Thumb Code    60  ws2812b.o(i.ws2812b_init)
    AHBPrescTable                            0x08001d98   Data          16  system_stm32f3xx.o(.constdata)
    gammaTable                               0x08001da8   Data         256  ws2812b.o(.constdata)
    aPLLMULFactorTable                       0x08001ea8   Data          16  stm32f3xx_hal_rcc.o(.constdata)
    aPredivFactorTable                       0x08001eb8   Data          16  stm32f3xx_hal_rcc.o(.constdata)
    Region$$Table$$Base                      0x08001ec8   Number         0  anon$$obj.o(Region$$Table)
    Region$$Table$$Limit                     0x08001ee8   Number         0  anon$$obj.o(Region$$Table)
    SystemCoreClock                          0x20000000   Data           4  system_stm32f3xx.o(.data)
    WS2812_IO_High                           0x20000004   Data           4  ws2812b.o(.data)
    WS2812_IO_Low                            0x20000008   Data           4  ws2812b.o(.data)
    tim_period                               0x20000014   Data           4  ws2812b.o(.data)
    uwTick                                   0x20000018   Data           4  stm32f3xx_hal.o(.data)
    ws2812b                                  0x20000020   Data          28  ws2812b.o(.bss)
    ws2812bDmaBitBuffer                      0x2000003c   Data          96  ws2812b.o(.bss)
    frameBuffer                              0x2000009c   Data         180  ws2812b.o(.bss)
    frameBuffer2                             0x20000150   Data          60  ws2812b.o(.bss)
    Tim2Handle                               0x2000018c   Data          60  ws2812b.o(.bss)
    tim2OC1                                  0x200001c8   Data          28  ws2812b.o(.bss)
    tim2OC2                                  0x200001e4   Data          28  ws2812b.o(.bss)
    dmaUpdate                                0x20000200   Data          60  ws2812b.o(.bss)
    dmaCC1                                   0x2000023c   Data          60  ws2812b.o(.bss)
    dmaCC2                                   0x20000278   Data          60  ws2812b.o(.bss)
    __initial_sp                             0x200006b8   Data           0  startup_stm32f303x8.o(STACK)



==============================================================================

Memory Map of the image

  Image Entry point : 0x08000189

  Load Region LR_IROM1 (Base: 0x08000000, Size: 0x00001f08, Max: 0x00010000, ABSOLUTE)

    Execution Region ER_IROM1 (Base: 0x08000000, Size: 0x00001ee8, Max: 0x00010000, ABSOLUTE)

    Base Addr    Size         Type   Attr      Idx    E Section Name        Object

    0x08000000   0x00000188   Data   RO         1928    RESET               startup_stm32f303x8.o
    0x08000188   0x00000000   Code   RO         1933  * .ARM.Collect$$$$00000000  mc_w.l(entry.o)
    0x08000188   0x00000004   Code   RO         1945    .ARM.Collect$$$$00000001  mc_w.l(entry2.o)
    0x0800018c   0x00000004   Code   RO         1948    .ARM.Collect$$$$00000004  mc_w.l(entry5.o)
    0x08000190   0x00000000   Code   RO         1950    .ARM.Collect$$$$00000008  mc_w.l(entry7b.o)
    0x08000190   0x00000000   Code   RO         1952    .ARM.Collect$$$$0000000A  mc_w.l(entry8b.o)
    0x08000190   0x00000008   Code   RO         1953    .ARM.Collect$$$$0000000B  mc_w.l(entry9a.o)
    0x08000198   0x00000000   Code   RO         1955    .ARM.Collect$$$$0000000D  mc_w.l(entry10a.o)
    0x08000198   0x00000000   Code   RO         1957    .ARM.Collect$$$$0000000F  mc_w.l(entry11a.o)
    0x08000198   0x00000004   Code   RO         1946    .ARM.Collect$$$$00002712  mc_w.l(entry2.o)
    0x0800019c   0x00000024   Code   RO         1929    .text               startup_stm32f303x8.o
    0x080001c0   0x00000024   Code   RO         1936    .text               mc_w.l(rand.o)
    0x080001e4   0x00000024   Code   RO         1959    .text               mc_w.l(init.o)
    0x08000208   0x00000002   Code   RO          162    i.BusFault_Handler  stm32f3xx_it.o
    0x0800020a   0x00000002   PAD
    0x0800020c   0x0000000c   Code   RO          238    i.DMA1_Channel7_IRQHandler  ws2812b.o
    0x08000218   0x0000001e   Code   RO          647    i.DMA_SetConfig     stm32f3xx_hal_dma.o
    0x08000236   0x00000002   PAD
    0x08000238   0x00000084   Code   RO          239    i.DMA_TransferCompleteHandler  ws2812b.o
    0x080002bc   0x00000028   Code   RO          240    i.DMA_TransferHalfHandler  ws2812b.o
    0x080002e4   0x000000f4   Code   RO          241    i.DMA_init          ws2812b.o
    0x080003d8   0x00000002   Code   RO          163    i.DebugMon_Handler  stm32f3xx_it.o
    0x080003da   0x00000002   PAD
    0x080003dc   0x0000026c   Code   RO          653    i.HAL_DMA_IRQHandler  stm32f3xx_hal_dma.o
    0x08000648   0x00000050   Code   RO          654    i.HAL_DMA_Init      stm32f3xx_hal_dma.o
    0x08000698   0x0000003a   Code   RO          656    i.HAL_DMA_Start     stm32f3xx_hal_dma.o
    0x080006d2   0x00000058   Code   RO          657    i.HAL_DMA_Start_IT  stm32f3xx_hal_dma.o
    0x0800072a   0x00000002   PAD
    0x0800072c   0x00000180   Code   RO         1814    i.HAL_GPIO_Init     stm32f3xx_hal_gpio.o
    0x080008ac   0x0000000c   Code   RO         1687    i.HAL_GetTick       stm32f3xx_hal.o
    0x080008b8   0x00000010   Code   RO         1688    i.HAL_IncTick       stm32f3xx_hal.o
    0x080008c8   0x00000024   Code   RO         1689    i.HAL_Init          stm32f3xx_hal.o
    0x080008ec   0x00000028   Code   RO         1690    i.HAL_InitTick      stm32f3xx_hal.o
    0x08000914   0x00000002   Code   RO         1692    i.HAL_MspInit       stm32f3xx_hal.o
    0x08000916   0x0000001a   Code   RO         1561    i.HAL_NVIC_EnableIRQ  stm32f3xx_hal_cortex.o
    0x08000930   0x00000040   Code   RO         1567    i.HAL_NVIC_SetPriority  stm32f3xx_hal_cortex.o
    0x08000970   0x00000024   Code   RO         1568    i.HAL_NVIC_SetPriorityGrouping  stm32f3xx_hal_cortex.o
    0x08000994   0x00000188   Code   RO          821    i.HAL_RCC_ClockConfig  stm32f3xx_hal_rcc.o
    0x08000b1c   0x00000064   Code   RO          830    i.HAL_RCC_GetSysClockFreq  stm32f3xx_hal_rcc.o
    0x08000b80   0x000005ac   Code   RO          833    i.HAL_RCC_OscConfig  stm32f3xx_hal_rcc.o
    0x0800112c   0x00000028   Code   RO         1572    i.HAL_SYSTICK_Config  stm32f3xx_hal_cortex.o
    0x08001154   0x00000002   Code   RO          374    i.HAL_TIMEx_BreakCallback  stm32f3xx_hal_tim_ex.o
    0x08001156   0x00000002   Code   RO          375    i.HAL_TIMEx_CommutationCallback  stm32f3xx_hal_tim_ex.o
    0x08001158   0x0000001a   Code   RO          930    i.HAL_TIM_Base_Start  stm32f3xx_hal_tim.o
    0x08001172   0x00000002   Code   RO          956    i.HAL_TIM_IC_CaptureCallback  stm32f3xx_hal_tim.o
    0x08001174   0x00000166   Code   RO          969    i.HAL_TIM_IRQHandler  stm32f3xx_hal_tim.o
    0x080012da   0x00000002   Code   RO          972    i.HAL_TIM_OC_DelayElapsedCallback  stm32f3xx_hal_tim.o
    0x080012dc   0x00000128   Code   RO          412    i.HAL_TIM_PWM_ConfigChannel  stm32f3xx_hal_tim_ex.o
    0x08001404   0x00000036   Code   RO          996    i.HAL_TIM_PWM_Init  stm32f3xx_hal_tim.o
    0x0800143a   0x00000002   Code   RO          998    i.HAL_TIM_PWM_MspInit  stm32f3xx_hal_tim.o
    0x0800143c   0x00000002   Code   RO          999    i.HAL_TIM_PWM_PulseFinishedCallback  stm32f3xx_hal_tim.o
    0x0800143e   0x00000002   PAD
    0x08001440   0x0000004c   Code   RO         1000    i.HAL_TIM_PWM_Start  stm32f3xx_hal_tim.o
    0x0800148c   0x00000050   Code   RO          242    i.HAL_TIM_PeriodElapsedCallback  ws2812b.o
    0x080014dc   0x00000002   Code   RO         1010    i.HAL_TIM_TriggerCallback  stm32f3xx_hal_tim.o
    0x080014de   0x00000002   Code   RO          164    i.HardFault_Handler  stm32f3xx_it.o
    0x080014e0   0x00000002   Code   RO          165    i.MemManage_Handler  stm32f3xx_it.o
    0x080014e2   0x00000002   Code   RO          166    i.NMI_Handler       stm32f3xx_it.o
    0x080014e4   0x00000002   Code   RO          167    i.PendSV_Handler    stm32f3xx_it.o
    0x080014e6   0x00000002   Code   RO          168    i.SVC_Handler       stm32f3xx_it.o
    0x080014e8   0x00000004   Code   RO          169    i.SysTick_Handler   stm32f3xx_it.o
    0x080014ec   0x00000040   Code   RO          119    i.SystemClock_Config  main.o
    0x0800152c   0x00000068   Code   RO            5    i.SystemInit        system_stm32f3xx.o
    0x08001594   0x0000000c   Code   RO          243    i.TIM2_IRQHandler   ws2812b.o
    0x080015a0   0x000000b8   Code   RO          244    i.TIM2_init         ws2812b.o
    0x08001658   0x00000080   Code   RO         1011    i.TIM_Base_SetConfig  stm32f3xx_hal_tim.o
    0x080016d8   0x00000016   Code   RO         1012    i.TIM_CCxChannelCmd  stm32f3xx_hal_tim.o
    0x080016ee   0x00000002   PAD
    0x080016f0   0x00000088   Code   RO         1020    i.TIM_OC1_SetConfig  stm32f3xx_hal_tim.o
    0x08001778   0x00000080   Code   RO         1021    i.TIM_OC2_SetConfig  stm32f3xx_hal_tim.o
    0x080017f8   0x00000080   Code   RO         1022    i.TIM_OC3_SetConfig  stm32f3xx_hal_tim.o
    0x08001878   0x0000006c   Code   RO         1023    i.TIM_OC4_SetConfig  stm32f3xx_hal_tim.o
    0x080018e4   0x00000064   Code   RO          415    i.TIM_OC5_SetConfig  stm32f3xx_hal_tim_ex.o
    0x08001948   0x00000068   Code   RO          416    i.TIM_OC6_SetConfig  stm32f3xx_hal_tim_ex.o
    0x080019b0   0x00000002   Code   RO          170    i.UsageFault_Handler  stm32f3xx_it.o
    0x080019b2   0x00000002   PAD
    0x080019b4   0x000000b0   Code   RO          245    i.WS2812_sendbuf    ws2812b.o
    0x08001a64   0x00000046   Code   RO          246    i.Wheel             ws2812b.o
    0x08001aaa   0x00000020   Code   RO         1574    i.__NVIC_SetPriority  stm32f3xx_hal_cortex.o
    0x08001aca   0x0000000e   Code   RO         1963    i.__scatterload_copy  mc_w.l(handlers.o)
    0x08001ad8   0x00000002   Code   RO         1964    i.__scatterload_null  mc_w.l(handlers.o)
    0x08001ada   0x0000000e   Code   RO         1965    i.__scatterload_zeroinit  mc_w.l(handlers.o)
    0x08001ae8   0x0000002e   Code   RO          247    i.loadNextFramebufferData  ws2812b.o
    0x08001b16   0x00000012   Code   RO          120    i.main              main.o
    0x08001b28   0x00000084   Code   RO          248    i.visDots           ws2812b.o
    0x08001bac   0x00000020   Code   RO          249    i.visHandle         ws2812b.o
    0x08001bcc   0x0000003c   Code   RO          250    i.visHandle2        ws2812b.o
    0x08001c08   0x00000028   Code   RO          251    i.visInit           ws2812b.o
    0x08001c30   0x00000054   Code   RO          252    i.visRainbow        ws2812b.o
    0x08001c84   0x00000018   Code   RO          253    i.ws2812b_handle    ws2812b.o
    0x08001c9c   0x00000044   Code   RO          254    i.ws2812b_init      ws2812b.o
    0x08001ce0   0x000000b8   Code   RO          255    i.ws2812b_set_pixel  ws2812b.o
    0x08001d98   0x00000010   Data   RO            6    .constdata          system_stm32f3xx.o
    0x08001da8   0x00000100   Data   RO          257    .constdata          ws2812b.o
    0x08001ea8   0x00000020   Data   RO          834    .constdata          stm32f3xx_hal_rcc.o
    0x08001ec8   0x00000020   Data   RO         1961    Region$$Table       anon$$obj.o


    Execution Region RW_IRAM1 (Base: 0x20000000, Size: 0x000006b8, Max: 0x00003000, ABSOLUTE)

    Base Addr    Size         Type   Attr      Idx    E Section Name        Object

    0x20000000   0x00000004   Data   RW            8    .data               system_stm32f3xx.o
    0x20000004   0x00000014   Data   RW          258    .data               ws2812b.o
    0x20000018   0x00000004   Data   RW         1695    .data               stm32f3xx_hal.o
    0x2000001c   0x00000004   Data   RW         1937    .data               mc_w.l(rand.o)
    0x20000020   0x00000294   Zero   RW          256    .bss                ws2812b.o
    0x200002b4   0x00000004   PAD
    0x200002b8   0x00000400   Zero   RW         1926    STACK               startup_stm32f303x8.o


==============================================================================

Image component sizes


      Code (inc. data)   RO Data    RW Data    ZI Data      Debug   Object Name

        82          0          0          0          0       2836   main.o
        36          8        392          0       1024        856   startup_stm32f303x8.o
       106         22          0          4          0       4269   stm32f3xx_hal.o
       198         14          0          0          0      32267   stm32f3xx_hal_cortex.o
       876          4          0          0          0       5099   stm32f3xx_hal_dma.o
       384         26          0          0          0       1968   stm32f3xx_hal_gpio.o
      1944         46         32          0          0       5038   stm32f3xx_hal_rcc.o
      1174        122          0          0          0      12823   stm32f3xx_hal_tim.o
       504         42          0          0          0       4574   stm32f3xx_hal_tim_ex.o
        20          0          0          0          0       4550   stm32f3xx_it.o
       104         22         16          4          0     489455   system_stm32f3xx.o
      1620        150        256         20        660      13152   ws2812b.o

    ----------------------------------------------------------------------
      7062        456        728         28       1688     576887   Object Totals
         0          0         32          0          0          0   (incl. Generated)
        14          0          0          0          4          0   (incl. Padding)

    ----------------------------------------------------------------------

      Code (inc. data)   RO Data    RW Data    ZI Data      Debug   Library Member Name

         0          0          0          0          0          0   entry.o
         0          0          0          0          0          0   entry10a.o
         0          0          0          0          0          0   entry11a.o
         8          4          0          0          0          0   entry2.o
         4          0          0          0          0          0   entry5.o
         0          0          0          0          0          0   entry7b.o
         0          0          0          0          0          0   entry8b.o
         8          4          0          0          0          0   entry9a.o
        30          0          0          0          0          0   handlers.o
        36          8          0          0          0         68   init.o
        36         10          0          4          0        136   rand.o

    ----------------------------------------------------------------------
       122         26          0          4          0        204   Library Totals
         0          0          0          0          0          0   (incl. Padding)

    ----------------------------------------------------------------------

      Code (inc. data)   RO Data    RW Data    ZI Data      Debug   Library Name

       122         26          0          4          0        204   mc_w.l

    ----------------------------------------------------------------------
       122         26          0          4          0        204   Library Totals

    ----------------------------------------------------------------------

==============================================================================


      Code (inc. data)   RO Data    RW Data    ZI Data      Debug   

      7184        482        728         32       1688     570895   Grand Totals
      7184        482        728         32       1688     570895   ELF Image Totals
      7184        482        728         32          0          0   ROM Totals

==============================================================================

    Total RO  Size (Code + RO Data)                 7912 (   7.73kB)
    Total RW  Size (RW Data + ZI Data)              1720 (   1.68kB)
    Total ROM Size (Code + RO Data + RW Data)       7944 (   7.76kB)

==============================================================================

